Hul 29 09:39:09 nixsaiga kernel: Linux version 6.9.8-zen1 (nixbld@localhost) (gcc (GCC) 13.2.0, GNU ld (GNU Binutils) 2.41) #1-NixOS ZEN SMP PREEMPT_DYNAMIC Tue Jan  1 00:00:00 UTC 1980
Hul 29 09:39:09 nixsaiga kernel: Command line: initrd=\EFI\nixos\phjq324h711b1s5s6xmkbaa6678dkrhp-initrd-linux-6.9.8-initrd.efi init=/nix/store/9ww8m0sdwnnfr46ri4lz07zcknx9a5fv-nixos-system-nixsaiga-24.05.20240725.a1cc729/init loglevel=4
Hul 29 09:39:09 nixsaiga kernel: BIOS-provided physical RAM map:
Hul 29 09:39:09 nixsaiga kernel: BIOS-e820: [mem 0x0000000000000000-0x000000000009ffff] usable
Hul 29 09:39:09 nixsaiga kernel: BIOS-e820: [mem 0x00000000000a0000-0x00000000000fffff] reserved
Hul 29 09:39:09 nixsaiga kernel: BIOS-e820: [mem 0x0000000000100000-0x0000000009dfffff] usable
Hul 29 09:39:09 nixsaiga kernel: BIOS-e820: [mem 0x0000000009e00000-0x0000000009ffffff] reserved
Hul 29 09:39:09 nixsaiga kernel: BIOS-e820: [mem 0x000000000a000000-0x000000000a1fffff] usable
Hul 29 09:39:09 nixsaiga kernel: BIOS-e820: [mem 0x000000000a200000-0x000000000a20afff] ACPI NVS
Hul 29 09:39:09 nixsaiga kernel: BIOS-e820: [mem 0x000000000a20b000-0x000000000affffff] usable
Hul 29 09:39:09 nixsaiga kernel: BIOS-e820: [mem 0x000000000b000000-0x000000000b01ffff] reserved
Hul 29 09:39:09 nixsaiga kernel: BIOS-e820: [mem 0x000000000b020000-0x000000005a806fff] usable
Hul 29 09:39:09 nixsaiga kernel: BIOS-e820: [mem 0x000000005a807000-0x000000005bcf3fff] reserved
Hul 29 09:39:09 nixsaiga kernel: BIOS-e820: [mem 0x000000005bcf4000-0x000000005bd70fff] ACPI data
Hul 29 09:39:09 nixsaiga kernel: BIOS-e820: [mem 0x000000005bd71000-0x000000005c2c0fff] ACPI NVS
Hul 29 09:39:09 nixsaiga kernel: BIOS-e820: [mem 0x000000005c2c1000-0x000000005d19afff] reserved
Hul 29 09:39:09 nixsaiga kernel: BIOS-e820: [mem 0x000000005d19b000-0x000000005effffff] usable
Hul 29 09:39:09 nixsaiga kernel: BIOS-e820: [mem 0x000000005f000000-0x00000000dfffffff] reserved
Hul 29 09:39:09 nixsaiga kernel: BIOS-e820: [mem 0x00000000f8000000-0x00000000fbffffff] reserved
Hul 29 09:39:09 nixsaiga kernel: BIOS-e820: [mem 0x00000000fd000000-0x00000000ffffffff] reserved
Hul 29 09:39:09 nixsaiga kernel: BIOS-e820: [mem 0x0000000100000000-0x000000021f33ffff] usable
Hul 29 09:39:09 nixsaiga kernel: NX (Execute Disable) protection: active
Hul 29 09:39:09 nixsaiga kernel: APIC: Static calls initialized
Hul 29 09:39:09 nixsaiga kernel: e820: update [mem 0x55cbc018-0x55cca057] usable ==> usable
Hul 29 09:39:09 nixsaiga kernel: e820: update [mem 0x55cae018-0x55cbb457] usable ==> usable
Hul 29 09:39:09 nixsaiga kernel: extended physical RAM map:
Hul 29 09:39:09 nixsaiga kernel: reserve setup_data: [mem 0x0000000000000000-0x000000000009ffff] usable
Hul 29 09:39:09 nixsaiga kernel: reserve setup_data: [mem 0x00000000000a0000-0x00000000000fffff] reserved
Hul 29 09:39:09 nixsaiga kernel: reserve setup_data: [mem 0x0000000000100000-0x0000000009dfffff] usable
Hul 29 09:39:09 nixsaiga kernel: reserve setup_data: [mem 0x0000000009e00000-0x0000000009ffffff] reserved
Hul 29 09:39:09 nixsaiga kernel: reserve setup_data: [mem 0x000000000a000000-0x000000000a1fffff] usable
Hul 29 09:39:09 nixsaiga kernel: reserve setup_data: [mem 0x000000000a200000-0x000000000a20afff] ACPI NVS
Hul 29 09:39:09 nixsaiga kernel: reserve setup_data: [mem 0x000000000a20b000-0x000000000affffff] usable
Hul 29 09:39:09 nixsaiga kernel: reserve setup_data: [mem 0x000000000b000000-0x000000000b01ffff] reserved
Hul 29 09:39:09 nixsaiga kernel: reserve setup_data: [mem 0x000000000b020000-0x0000000055cae017] usable
Hul 29 09:39:09 nixsaiga kernel: reserve setup_data: [mem 0x0000000055cae018-0x0000000055cbb457] usable
Hul 29 09:39:09 nixsaiga kernel: reserve setup_data: [mem 0x0000000055cbb458-0x0000000055cbc017] usable
Hul 29 09:39:09 nixsaiga kernel: reserve setup_data: [mem 0x0000000055cbc018-0x0000000055cca057] usable
Hul 29 09:39:09 nixsaiga kernel: reserve setup_data: [mem 0x0000000055cca058-0x000000005a806fff] usable
Hul 29 09:39:09 nixsaiga kernel: reserve setup_data: [mem 0x000000005a807000-0x000000005bcf3fff] reserved
Hul 29 09:39:09 nixsaiga kernel: reserve setup_data: [mem 0x000000005bcf4000-0x000000005bd70fff] ACPI data
Hul 29 09:39:09 nixsaiga kernel: reserve setup_data: [mem 0x000000005bd71000-0x000000005c2c0fff] ACPI NVS
Hul 29 09:39:09 nixsaiga kernel: reserve setup_data: [mem 0x000000005c2c1000-0x000000005d19afff] reserved
Hul 29 09:39:09 nixsaiga kernel: reserve setup_data: [mem 0x000000005d19b000-0x000000005effffff] usable
Hul 29 09:39:09 nixsaiga kernel: reserve setup_data: [mem 0x000000005f000000-0x00000000dfffffff] reserved
Hul 29 09:39:09 nixsaiga kernel: reserve setup_data: [mem 0x00000000f8000000-0x00000000fbffffff] reserved
Hul 29 09:39:09 nixsaiga kernel: reserve setup_data: [mem 0x00000000fd000000-0x00000000ffffffff] reserved
Hul 29 09:39:09 nixsaiga kernel: reserve setup_data: [mem 0x0000000100000000-0x000000021f33ffff] usable
Hul 29 09:39:09 nixsaiga kernel: efi: EFI v2.7 by American Megatrends
Hul 29 09:39:09 nixsaiga kernel: efi: TPMFinalLog=0x5c275000 ACPI 2.0=0x5c20e000 ACPI=0x5c20e000 SMBIOS=0x5cff3000 SMBIOS 3.0=0x5cff2000 MEMATTR=0x569de018 ESRT=0x58eb0a98 RNG=0x5bd70f18 INITRD=0x567df698 TPMEventLog=0x55ccb018 
Hul 29 09:39:09 nixsaiga kernel: random: crng init done
Hul 29 09:39:09 nixsaiga kernel: efi: Remove mem294: MMIO range=[0xf8000000-0xfbffffff] (64MB) from e820 map
Hul 29 09:39:09 nixsaiga kernel: e820: remove [mem 0xf8000000-0xfbffffff] reserved
Hul 29 09:39:09 nixsaiga kernel: efi: Remove mem295: MMIO range=[0xfd000000-0xffffffff] (48MB) from e820 map
Hul 29 09:39:09 nixsaiga kernel: e820: remove [mem 0xfd000000-0xffffffff] reserved
Hul 29 09:39:09 nixsaiga kernel: SMBIOS 3.2.0 present.
Hul 29 09:39:09 nixsaiga kernel: DMI: Gigabyte Technology Co., Ltd. A320M-S2H V2/A320M-S2H V2-CF, BIOS F52 11/02/2021
Hul 29 09:39:09 nixsaiga kernel: tsc: Fast TSC calibration using PIT
Hul 29 09:39:09 nixsaiga kernel: tsc: Detected 3493.354 MHz processor
Hul 29 09:39:09 nixsaiga kernel: e820: update [mem 0x00000000-0x00000fff] usable ==> reserved
Hul 29 09:39:09 nixsaiga kernel: e820: remove [mem 0x000a0000-0x000fffff] usable
Hul 29 09:39:09 nixsaiga kernel: last_pfn = 0x21f340 max_arch_pfn = 0x400000000
Hul 29 09:39:09 nixsaiga kernel: MTRR map: 5 entries (3 fixed + 2 variable; max 20), built from 9 variable MTRRs
Hul 29 09:39:09 nixsaiga kernel: x86/PAT: Configuration [0-7]: WB  WC  UC- UC  WB  WP  UC- WT  
Hul 29 09:39:09 nixsaiga kernel: e820: update [mem 0xe0000000-0xffffffff] usable ==> reserved
Hul 29 09:39:09 nixsaiga kernel: last_pfn = 0x5f000 max_arch_pfn = 0x400000000
Hul 29 09:39:09 nixsaiga kernel: esrt: Reserving ESRT space from 0x0000000058eb0a98 to 0x0000000058eb0ad0.
Hul 29 09:39:09 nixsaiga kernel: e820: update [mem 0x58eb0000-0x58eb0fff] usable ==> reserved
Hul 29 09:39:09 nixsaiga kernel: Using GB pages for direct mapping
Hul 29 09:39:09 nixsaiga kernel: Secure boot disabled
Hul 29 09:39:09 nixsaiga kernel: RAMDISK: [mem 0x53bc0000-0x546c9fff]
Hul 29 09:39:09 nixsaiga kernel: ACPI: Early table checksum verification disabled
Hul 29 09:39:09 nixsaiga kernel: ACPI: RSDP 0x000000005C20E000 000024 (v02 ALASKA)
Hul 29 09:39:09 nixsaiga kernel: ACPI: XSDT 0x000000005C20E0A8 0000D4 (v01 ALASKA A M I    01072009 AMI  00010013)
Hul 29 09:39:09 nixsaiga kernel: ACPI: FACP 0x000000005C214D80 000114 (v06 ALASKA A M I    01072009 AMI  00010013)
Hul 29 09:39:09 nixsaiga kernel: ACPI: DSDT 0x000000005C20E218 006B65 (v02 ALASKA A M I    01072009 INTL 20160930)
Hul 29 09:39:09 nixsaiga kernel: ACPI: FACS 0x000000005C2AAE00 000040
Hul 29 09:39:09 nixsaiga kernel: ACPI: APIC 0x000000005C214E98 00015E (v03 ALASKA A M I    01072009 AMI  00010013)
Hul 29 09:39:09 nixsaiga kernel: ACPI: FPDT 0x000000005C214FF8 000044 (v01 ALASKA A M I    01072009 AMI  00010013)
Hul 29 09:39:09 nixsaiga kernel: ACPI: FIDT 0x000000005C215040 00009C (v01 ALASKA A M I    01072009 AMI  00010013)
Hul 29 09:39:09 nixsaiga kernel: ACPI: SSDT 0x000000005C2150E0 000060 (v02 ALASKA CPUSSDT  01072009 AMI  01072009)
Hul 29 09:39:09 nixsaiga kernel: ACPI: SSDT 0x000000005C215140 005419 (v02 AMD    AmdTable 00000002 MSFT 04000000)
Hul 29 09:39:09 nixsaiga kernel: ACPI: SSDT 0x000000005C21A560 003799 (v01 AMD    AMD AOD  00000001 INTL 20160930)
Hul 29 09:39:09 nixsaiga kernel: ACPI: MCFG 0x000000005C21DD00 00003C (v01 ALASKA A M I    01072009 MSFT 00010013)
Hul 29 09:39:09 nixsaiga kernel: ACPI: SSDT 0x000000005C21DD40 006815 (v01 GBT    GSWApp   00000001 INTL 20160930)
Hul 29 09:39:09 nixsaiga kernel: ACPI: HPET 0x000000005C224558 000038 (v01 ALASKA A M I    01072009 AMI  00000005)
Hul 29 09:39:09 nixsaiga kernel: ACPI: UEFI 0x000000005C224590 000042 (v01 ALASKA A M I    00000002      01000013)
Hul 29 09:39:09 nixsaiga kernel: ACPI: BGRT 0x000000005C2245D8 000038 (v01 ALASKA A M I    01072009 AMI  00010013)
Hul 29 09:39:09 nixsaiga kernel: ACPI: TPM2 0x000000005C224610 000038 (v04 ALASKA A M I    00000001 AMI  00000000)
Hul 29 09:39:09 nixsaiga kernel: ACPI: IVRS 0x000000005C224648 0000D0 (v02 AMD    AMD IVRS 00000001 AMD  00000000)
Hul 29 09:39:09 nixsaiga kernel: ACPI: SSDT 0x000000005C224718 0008E0 (v01 AMD    AMD CPU  00000001 AMD  00000001)
Hul 29 09:39:09 nixsaiga kernel: ACPI: CRAT 0x000000005C224FF8 000490 (v01 AMD    AMD CRAT 00000001 AMD  00000001)
Hul 29 09:39:09 nixsaiga kernel: ACPI: CDIT 0x000000005C225488 000029 (v01 AMD    AMD CDIT 00000001 AMD  00000001)
Hul 29 09:39:09 nixsaiga kernel: ACPI: SSDT 0x000000005C2254B8 0012BE (v01 AMD    AmdTable 00000001 INTL 20160930)
Hul 29 09:39:09 nixsaiga kernel: ACPI: SSDT 0x000000005C226778 00146E (v01 AMD    AmdTable 00000001 INTL 20160930)
Hul 29 09:39:09 nixsaiga kernel: ACPI: SSDT 0x000000005C227BE8 001EC3 (v01 AMD    AmdTable 00000001 INTL 20160930)
Hul 29 09:39:09 nixsaiga kernel: ACPI: SSDT 0x000000005C229AB0 0000BF (v01 AMD    AMD PT   00001000 INTL 20160930)
Hul 29 09:39:09 nixsaiga kernel: ACPI: WSMT 0x000000005C229B70 000028 (v01 ALASKA A M I    01072009 AMI  00010013)
Hul 29 09:39:09 nixsaiga kernel: ACPI: Reserving FACP table memory at [mem 0x5c214d80-0x5c214e93]
Hul 29 09:39:09 nixsaiga kernel: ACPI: Reserving DSDT table memory at [mem 0x5c20e218-0x5c214d7c]
Hul 29 09:39:09 nixsaiga kernel: ACPI: Reserving FACS table memory at [mem 0x5c2aae00-0x5c2aae3f]
Hul 29 09:39:09 nixsaiga kernel: ACPI: Reserving APIC table memory at [mem 0x5c214e98-0x5c214ff5]
Hul 29 09:39:09 nixsaiga kernel: ACPI: Reserving FPDT table memory at [mem 0x5c214ff8-0x5c21503b]
Hul 29 09:39:09 nixsaiga kernel: ACPI: Reserving FIDT table memory at [mem 0x5c215040-0x5c2150db]
Hul 29 09:39:09 nixsaiga kernel: ACPI: Reserving SSDT table memory at [mem 0x5c2150e0-0x5c21513f]
Hul 29 09:39:09 nixsaiga kernel: ACPI: Reserving SSDT table memory at [mem 0x5c215140-0x5c21a558]
Hul 29 09:39:09 nixsaiga kernel: ACPI: Reserving SSDT table memory at [mem 0x5c21a560-0x5c21dcf8]
Hul 29 09:39:09 nixsaiga kernel: ACPI: Reserving MCFG table memory at [mem 0x5c21dd00-0x5c21dd3b]
Hul 29 09:39:09 nixsaiga kernel: ACPI: Reserving SSDT table memory at [mem 0x5c21dd40-0x5c224554]
Hul 29 09:39:09 nixsaiga kernel: ACPI: Reserving HPET table memory at [mem 0x5c224558-0x5c22458f]
Hul 29 09:39:09 nixsaiga kernel: ACPI: Reserving UEFI table memory at [mem 0x5c224590-0x5c2245d1]
Hul 29 09:39:09 nixsaiga kernel: ACPI: Reserving BGRT table memory at [mem 0x5c2245d8-0x5c22460f]
Hul 29 09:39:09 nixsaiga kernel: ACPI: Reserving TPM2 table memory at [mem 0x5c224610-0x5c224647]
Hul 29 09:39:09 nixsaiga kernel: ACPI: Reserving IVRS table memory at [mem 0x5c224648-0x5c224717]
Hul 29 09:39:09 nixsaiga kernel: ACPI: Reserving SSDT table memory at [mem 0x5c224718-0x5c224ff7]
Hul 29 09:39:09 nixsaiga kernel: ACPI: Reserving CRAT table memory at [mem 0x5c224ff8-0x5c225487]
Hul 29 09:39:09 nixsaiga kernel: ACPI: Reserving CDIT table memory at [mem 0x5c225488-0x5c2254b0]
Hul 29 09:39:09 nixsaiga kernel: ACPI: Reserving SSDT table memory at [mem 0x5c2254b8-0x5c226775]
Hul 29 09:39:09 nixsaiga kernel: ACPI: Reserving SSDT table memory at [mem 0x5c226778-0x5c227be5]
Hul 29 09:39:09 nixsaiga kernel: ACPI: Reserving SSDT table memory at [mem 0x5c227be8-0x5c229aaa]
Hul 29 09:39:09 nixsaiga kernel: ACPI: Reserving SSDT table memory at [mem 0x5c229ab0-0x5c229b6e]
Hul 29 09:39:09 nixsaiga kernel: ACPI: Reserving WSMT table memory at [mem 0x5c229b70-0x5c229b97]
Hul 29 09:39:09 nixsaiga kernel: No NUMA configuration found
Hul 29 09:39:09 nixsaiga kernel: Faking a node at [mem 0x0000000000000000-0x000000021f33ffff]
Hul 29 09:39:09 nixsaiga kernel: NODE_DATA(0) allocated [mem 0x21f33a000-0x21f33ffff]
Hul 29 09:39:09 nixsaiga kernel: Zone ranges:
Hul 29 09:39:09 nixsaiga kernel:   DMA      [mem 0x0000000000001000-0x0000000000ffffff]
Hul 29 09:39:09 nixsaiga kernel:   DMA32    [mem 0x0000000001000000-0x00000000ffffffff]
Hul 29 09:39:09 nixsaiga kernel:   Normal   [mem 0x0000000100000000-0x000000021f33ffff]
Hul 29 09:39:09 nixsaiga kernel:   Device   empty
Hul 29 09:39:09 nixsaiga kernel: Movable zone start for each node
Hul 29 09:39:09 nixsaiga kernel: Early memory node ranges
Hul 29 09:39:09 nixsaiga kernel:   node   0: [mem 0x0000000000001000-0x000000000009ffff]
Hul 29 09:39:09 nixsaiga kernel:   node   0: [mem 0x0000000000100000-0x0000000009dfffff]
Hul 29 09:39:09 nixsaiga kernel:   node   0: [mem 0x000000000a000000-0x000000000a1fffff]
Hul 29 09:39:09 nixsaiga kernel:   node   0: [mem 0x000000000a20b000-0x000000000affffff]
Hul 29 09:39:09 nixsaiga kernel:   node   0: [mem 0x000000000b020000-0x000000005a806fff]
Hul 29 09:39:09 nixsaiga kernel:   node   0: [mem 0x000000005d19b000-0x000000005effffff]
Hul 29 09:39:09 nixsaiga kernel:   node   0: [mem 0x0000000100000000-0x000000021f33ffff]
Hul 29 09:39:09 nixsaiga kernel: Initmem setup node 0 [mem 0x0000000000001000-0x000000021f33ffff]
Hul 29 09:39:09 nixsaiga kernel: On node 0, zone DMA: 1 pages in unavailable ranges
Hul 29 09:39:09 nixsaiga kernel: On node 0, zone DMA: 96 pages in unavailable ranges
Hul 29 09:39:09 nixsaiga kernel: On node 0, zone DMA32: 512 pages in unavailable ranges
Hul 29 09:39:09 nixsaiga kernel: On node 0, zone DMA32: 11 pages in unavailable ranges
Hul 29 09:39:09 nixsaiga kernel: On node 0, zone DMA32: 32 pages in unavailable ranges
Hul 29 09:39:09 nixsaiga kernel: On node 0, zone DMA32: 10644 pages in unavailable ranges
Hul 29 09:39:09 nixsaiga kernel: On node 0, zone Normal: 4096 pages in unavailable ranges
Hul 29 09:39:09 nixsaiga kernel: On node 0, zone Normal: 3264 pages in unavailable ranges
Hul 29 09:39:09 nixsaiga kernel: ACPI: PM-Timer IO Port: 0x808
Hul 29 09:39:09 nixsaiga kernel: CPU topo: Ignoring hot-pluggable APIC ID 0 in present package.
Hul 29 09:39:09 nixsaiga kernel: ACPI: LAPIC_NMI (acpi_id[0xff] high edge lint[0x1])
Hul 29 09:39:09 nixsaiga kernel: IOAPIC[0]: apic_id 5, version 33, address 0xfec00000, GSI 0-23
Hul 29 09:39:09 nixsaiga kernel: IOAPIC[1]: apic_id 6, version 33, address 0xfec01000, GSI 24-55
Hul 29 09:39:09 nixsaiga kernel: ACPI: INT_SRC_OVR (bus 0 bus_irq 0 global_irq 2 dfl dfl)
Hul 29 09:39:09 nixsaiga kernel: ACPI: INT_SRC_OVR (bus 0 bus_irq 9 global_irq 9 low level)
Hul 29 09:39:09 nixsaiga kernel: ACPI: Using ACPI (MADT) for SMP configuration information
Hul 29 09:39:09 nixsaiga kernel: ACPI: HPET id: 0x10228201 base: 0xfed00000
Hul 29 09:39:09 nixsaiga kernel: e820: update [mem 0x56f45000-0x56f89fff] usable ==> reserved
Hul 29 09:39:09 nixsaiga kernel: CPU topo: Max. logical packages:   1
Hul 29 09:39:09 nixsaiga kernel: CPU topo: Max. logical dies:       1
Hul 29 09:39:09 nixsaiga kernel: CPU topo: Max. dies per package:   1
Hul 29 09:39:09 nixsaiga kernel: CPU topo: Max. threads per core:   2
Hul 29 09:39:09 nixsaiga kernel: CPU topo: Num. cores per package:     2
Hul 29 09:39:09 nixsaiga kernel: CPU topo: Num. threads per package:   4
Hul 29 09:39:09 nixsaiga kernel: CPU topo: Allowing 4 present CPUs plus 0 hotplug CPUs
Hul 29 09:39:09 nixsaiga kernel: CPU topo: Rejected CPUs 28
Hul 29 09:39:09 nixsaiga kernel: PM: hibernation: Registered nosave memory: [mem 0x00000000-0x00000fff]
Hul 29 09:39:09 nixsaiga kernel: PM: hibernation: Registered nosave memory: [mem 0x000a0000-0x000fffff]
Hul 29 09:39:09 nixsaiga kernel: PM: hibernation: Registered nosave memory: [mem 0x09e00000-0x09ffffff]
Hul 29 09:39:09 nixsaiga kernel: PM: hibernation: Registered nosave memory: [mem 0x0a200000-0x0a20afff]
Hul 29 09:39:09 nixsaiga kernel: PM: hibernation: Registered nosave memory: [mem 0x0b000000-0x0b01ffff]
Hul 29 09:39:09 nixsaiga kernel: PM: hibernation: Registered nosave memory: [mem 0x55cae000-0x55caefff]
Hul 29 09:39:09 nixsaiga kernel: PM: hibernation: Registered nosave memory: [mem 0x55cbb000-0x55cbbfff]
Hul 29 09:39:09 nixsaiga kernel: PM: hibernation: Registered nosave memory: [mem 0x55cbc000-0x55cbcfff]
Hul 29 09:39:09 nixsaiga kernel: PM: hibernation: Registered nosave memory: [mem 0x55cca000-0x55ccafff]
Hul 29 09:39:09 nixsaiga kernel: PM: hibernation: Registered nosave memory: [mem 0x56f45000-0x56f89fff]
Hul 29 09:39:09 nixsaiga kernel: PM: hibernation: Registered nosave memory: [mem 0x58eb0000-0x58eb0fff]
Hul 29 09:39:09 nixsaiga kernel: PM: hibernation: Registered nosave memory: [mem 0x5a807000-0x5bcf3fff]
Hul 29 09:39:09 nixsaiga kernel: PM: hibernation: Registered nosave memory: [mem 0x5bcf4000-0x5bd70fff]
Hul 29 09:39:09 nixsaiga kernel: PM: hibernation: Registered nosave memory: [mem 0x5bd71000-0x5c2c0fff]
Hul 29 09:39:09 nixsaiga kernel: PM: hibernation: Registered nosave memory: [mem 0x5c2c1000-0x5d19afff]
Hul 29 09:39:09 nixsaiga kernel: PM: hibernation: Registered nosave memory: [mem 0x5f000000-0xdfffffff]
Hul 29 09:39:09 nixsaiga kernel: PM: hibernation: Registered nosave memory: [mem 0xe0000000-0xffffffff]
Hul 29 09:39:09 nixsaiga kernel: [mem 0xe0000000-0xffffffff] available for PCI devices
Hul 29 09:39:09 nixsaiga kernel: Booting paravirtualized kernel on bare hardware
Hul 29 09:39:09 nixsaiga kernel: clocksource: refined-jiffies: mask: 0xffffffff max_cycles: 0xffffffff, max_idle_ns: 1910969940391419 ns
Hul 29 09:39:09 nixsaiga kernel: setup_percpu: NR_CPUS:384 nr_cpumask_bits:4 nr_cpu_ids:4 nr_node_ids:1
Hul 29 09:39:09 nixsaiga kernel: percpu: Embedded 86 pages/cpu s229376 r8192 d114688 u524288
Hul 29 09:39:09 nixsaiga kernel: pcpu-alloc: s229376 r8192 d114688 u524288 alloc=1*2097152
Hul 29 09:39:09 nixsaiga kernel: pcpu-alloc: [0] 0 1 2 3 
Hul 29 09:39:09 nixsaiga kernel: Kernel command line: initrd=\EFI\nixos\phjq324h711b1s5s6xmkbaa6678dkrhp-initrd-linux-6.9.8-initrd.efi init=/nix/store/9ww8m0sdwnnfr46ri4lz07zcknx9a5fv-nixos-system-nixsaiga-24.05.20240725.a1cc729/init loglevel=4
Hul 29 09:39:09 nixsaiga kernel: Dentry cache hash table entries: 1048576 (order: 11, 8388608 bytes, linear)
Hul 29 09:39:09 nixsaiga kernel: Inode-cache hash table entries: 524288 (order: 10, 4194304 bytes, linear)
Hul 29 09:39:09 nixsaiga kernel: Fallback order for Node 0: 0 
Hul 29 09:39:09 nixsaiga kernel: Built 1 zonelists, mobility grouping on.  Total pages: 1529762
Hul 29 09:39:09 nixsaiga kernel: Policy zone: Normal
Hul 29 09:39:09 nixsaiga kernel: mem auto-init: stack:all(zero), heap alloc:off, heap free:off
Hul 29 09:39:09 nixsaiga kernel: software IO TLB: area num 4.
Hul 29 09:39:09 nixsaiga kernel: Memory: 5884660K/6216832K available (16384K kernel code, 2414K rwdata, 11120K rodata, 3168K init, 4336K bss, 331912K reserved, 0K cma-reserved)
Hul 29 09:39:09 nixsaiga kernel: SLUB: HWalign=64, Order=0-3, MinObjects=0, CPUs=4, Nodes=1
Hul 29 09:39:09 nixsaiga kernel: ftrace: allocating 43496 entries in 170 pages
Hul 29 09:39:09 nixsaiga kernel: ftrace: allocated 170 pages with 4 groups
Hul 29 09:39:09 nixsaiga kernel: Dynamic Preempt: full
Hul 29 09:39:09 nixsaiga kernel: rcu: Preemptible hierarchical RCU implementation.
Hul 29 09:39:09 nixsaiga kernel: rcu:         RCU event tracing is enabled.
Hul 29 09:39:09 nixsaiga kernel: rcu:         RCU restricting CPUs from NR_CPUS=384 to nr_cpu_ids=4.
Hul 29 09:39:09 nixsaiga kernel: rcu:         RCU priority boosting: priority 1 delay 500 ms.
Hul 29 09:39:09 nixsaiga kernel:         Trampoline variant of Tasks RCU enabled.
Hul 29 09:39:09 nixsaiga kernel:         Rude variant of Tasks RCU enabled.
Hul 29 09:39:09 nixsaiga kernel:         Tracing variant of Tasks RCU enabled.
Hul 29 09:39:09 nixsaiga kernel: rcu: RCU calculated value of scheduler-enlistment delay is 100 jiffies.
Hul 29 09:39:09 nixsaiga kernel: rcu: Adjusting geometry for rcu_fanout_leaf=16, nr_cpu_ids=4
Hul 29 09:39:09 nixsaiga kernel: RCU Tasks: Setting shift to 2 and lim to 1 rcu_task_cb_adjust=1.
Hul 29 09:39:09 nixsaiga kernel: RCU Tasks Rude: Setting shift to 2 and lim to 1 rcu_task_cb_adjust=1.
Hul 29 09:39:09 nixsaiga kernel: RCU Tasks Trace: Setting shift to 2 and lim to 1 rcu_task_cb_adjust=1.
Hul 29 09:39:09 nixsaiga kernel: NR_IRQS: 24832, nr_irqs: 1000, preallocated irqs: 16
Hul 29 09:39:09 nixsaiga kernel: rcu: srcu_init: Setting srcu_struct sizes based on contention.
Hul 29 09:39:09 nixsaiga kernel: kfence: initialized - using 2097152 bytes for 255 objects at 0x(____ptrval____)-0x(____ptrval____)
Hul 29 09:39:09 nixsaiga kernel: Console: colour dummy device 80x25
Hul 29 09:39:09 nixsaiga kernel: printk: legacy console [tty0] enabled
Hul 29 09:39:09 nixsaiga kernel: ACPI: Core revision 20230628
Hul 29 09:39:09 nixsaiga kernel: clocksource: hpet: mask: 0xffffffff max_cycles: 0xffffffff, max_idle_ns: 133484873504 ns
Hul 29 09:39:09 nixsaiga kernel: APIC: Switch to symmetric I/O mode setup
Hul 29 09:39:09 nixsaiga kernel: AMD-Vi: Using global IVHD EFR:0x4f77ef22294ada, EFR2:0x0
Hul 29 09:39:09 nixsaiga kernel: ..TIMER: vector=0x30 apic1=0 pin1=2 apic2=-1 pin2=-1
Hul 29 09:39:09 nixsaiga kernel: clocksource: tsc-early: mask: 0xffffffffffffffff max_cycles: 0x325aca6249d, max_idle_ns: 440795220707 ns
Hul 29 09:39:09 nixsaiga kernel: Calibrating delay loop (skipped), value calculated using timer frequency.. 6986.70 BogoMIPS (lpj=3493354)
Hul 29 09:39:09 nixsaiga kernel: AMD Zen1 DIV0 bug detected. Disable SMT for full protection.
Hul 29 09:39:09 nixsaiga kernel: SVM disabled (by BIOS) in MSR_VM_CR
Hul 29 09:39:09 nixsaiga kernel: LVT offset 1 assigned for vector 0xf9
Hul 29 09:39:09 nixsaiga kernel: LVT offset 2 assigned for vector 0xf4
Hul 29 09:39:09 nixsaiga kernel: Last level iTLB entries: 4KB 1024, 2MB 1024, 4MB 512
Hul 29 09:39:09 nixsaiga kernel: Last level dTLB entries: 4KB 1536, 2MB 1536, 4MB 768, 1GB 0
Hul 29 09:39:09 nixsaiga kernel: process: using mwait in idle threads
Hul 29 09:39:09 nixsaiga kernel: Spectre V1 : Mitigation: usercopy/swapgs barriers and __user pointer sanitization
Hul 29 09:39:09 nixsaiga kernel: Spectre V2 : Mitigation: Retpolines
Hul 29 09:39:09 nixsaiga kernel: Spectre V2 : Spectre v2 / SpectreRSB mitigation: Filling RSB on context switch
Hul 29 09:39:09 nixsaiga kernel: Spectre V2 : Spectre v2 / SpectreRSB : Filling RSB on VMEXIT
Hul 29 09:39:09 nixsaiga kernel: Spectre V2 : Enabling Speculation Barrier for firmware calls
Hul 29 09:39:09 nixsaiga kernel: RETBleed: Mitigation: untrained return thunk
Hul 29 09:39:09 nixsaiga kernel: Spectre V2 : mitigation: Enabling conditional Indirect Branch Prediction Barrier
Hul 29 09:39:09 nixsaiga kernel: Speculative Store Bypass: Mitigation: Speculative Store Bypass disabled via prctl
Hul 29 09:39:09 nixsaiga kernel: Speculative Return Stack Overflow: Mitigation: Safe RET
Hul 29 09:39:09 nixsaiga kernel: x86/fpu: Supporting XSAVE feature 0x001: 'x87 floating point registers'
Hul 29 09:39:09 nixsaiga kernel: x86/fpu: Supporting XSAVE feature 0x002: 'SSE registers'
Hul 29 09:39:09 nixsaiga kernel: x86/fpu: Supporting XSAVE feature 0x004: 'AVX registers'
Hul 29 09:39:09 nixsaiga kernel: x86/fpu: xstate_offset[2]:  576, xstate_sizes[2]:  256
Hul 29 09:39:09 nixsaiga kernel: x86/fpu: Enabled xstate features 0x7, context size is 832 bytes, using 'compacted' format.
Hul 29 09:39:09 nixsaiga kernel: Freeing SMP alternatives memory: 36K
Hul 29 09:39:09 nixsaiga kernel: pid_max: default: 32768 minimum: 301
Hul 29 09:39:09 nixsaiga kernel: LSM: initializing lsm=capability,landlock,yama,selinux,bpf
Hul 29 09:39:09 nixsaiga kernel: landlock: Up and running.
Hul 29 09:39:09 nixsaiga kernel: Yama: becoming mindful.
Hul 29 09:39:09 nixsaiga kernel: SELinux:  Initializing.
Hul 29 09:39:09 nixsaiga kernel: LSM support for eBPF active
Hul 29 09:39:09 nixsaiga kernel: Mount-cache hash table entries: 16384 (order: 5, 131072 bytes, linear)
Hul 29 09:39:09 nixsaiga kernel: Mountpoint-cache hash table entries: 16384 (order: 5, 131072 bytes, linear)
Hul 29 09:39:09 nixsaiga kernel: smpboot: CPU0: AMD Athlon 3000G with Radeon Vega Graphics (family: 0x17, model: 0x11, stepping: 0x0)
Hul 29 09:39:09 nixsaiga kernel: Performance Events: Fam17h+ core perfctr, AMD PMU driver.
Hul 29 09:39:09 nixsaiga kernel: ... version:                0
Hul 29 09:39:09 nixsaiga kernel: ... bit width:              48
Hul 29 09:39:09 nixsaiga kernel: ... generic registers:      6
Hul 29 09:39:09 nixsaiga kernel: ... value mask:             0000ffffffffffff
Hul 29 09:39:09 nixsaiga kernel: ... max period:             00007fffffffffff
Hul 29 09:39:09 nixsaiga kernel: ... fixed-purpose events:   0
Hul 29 09:39:09 nixsaiga kernel: ... event mask:             000000000000003f
Hul 29 09:39:09 nixsaiga kernel: signal: max sigframe size: 1776
Hul 29 09:39:09 nixsaiga kernel: rcu: Hierarchical SRCU implementation.
Hul 29 09:39:09 nixsaiga kernel: rcu:         Max phase no-delay instances is 400.
Hul 29 09:39:09 nixsaiga kernel: NMI watchdog: Enabled. Permanently consumes one hw-PMU counter.
Hul 29 09:39:09 nixsaiga kernel: smp: Bringing up secondary CPUs ...
Hul 29 09:39:09 nixsaiga kernel: smpboot: x86: Booting SMP configuration:
Hul 29 09:39:09 nixsaiga kernel: .... node  #0, CPUs:      #1 #2 #3
Hul 29 09:39:09 nixsaiga kernel: smp: Brought up 1 node, 4 CPUs
Hul 29 09:39:09 nixsaiga kernel: smpboot: Total of 4 processors activated (27946.83 BogoMIPS)
Hul 29 09:39:09 nixsaiga kernel: devtmpfs: initialized
Hul 29 09:39:09 nixsaiga kernel: x86/mm: Memory block size: 128MB
Hul 29 09:39:09 nixsaiga kernel: ACPI: PM: Registering ACPI NVS region [mem 0x0a200000-0x0a20afff] (45056 bytes)
Hul 29 09:39:09 nixsaiga kernel: ACPI: PM: Registering ACPI NVS region [mem 0x5bd71000-0x5c2c0fff] (5570560 bytes)
Hul 29 09:39:09 nixsaiga kernel: clocksource: jiffies: mask: 0xffffffff max_cycles: 0xffffffff, max_idle_ns: 1911260446275000 ns
Hul 29 09:39:09 nixsaiga kernel: futex hash table entries: 1024 (order: 4, 65536 bytes, linear)
Hul 29 09:39:09 nixsaiga kernel: pinctrl core: initialized pinctrl subsystem
Hul 29 09:39:09 nixsaiga kernel: PM: RTC time: 01:39:05, date: 2024-07-29
Hul 29 09:39:09 nixsaiga kernel: NET: Registered PF_NETLINK/PF_ROUTE protocol family
Hul 29 09:39:09 nixsaiga kernel: DMA: preallocated 1024 KiB GFP_KERNEL pool for atomic allocations
Hul 29 09:39:09 nixsaiga kernel: DMA: preallocated 1024 KiB GFP_KERNEL|GFP_DMA pool for atomic allocations
Hul 29 09:39:09 nixsaiga kernel: DMA: preallocated 1024 KiB GFP_KERNEL|GFP_DMA32 pool for atomic allocations
Hul 29 09:39:09 nixsaiga kernel: audit: initializing netlink subsys (disabled)
Hul 29 09:39:09 nixsaiga kernel: audit: type=2000 audit(1722217145.149:1): state=initialized audit_enabled=0 res=1
Hul 29 09:39:09 nixsaiga kernel: thermal_sys: Registered thermal governor 'bang_bang'
Hul 29 09:39:09 nixsaiga kernel: thermal_sys: Registered thermal governor 'step_wise'
Hul 29 09:39:09 nixsaiga kernel: thermal_sys: Registered thermal governor 'user_space'
Hul 29 09:39:09 nixsaiga kernel: cpuidle: using governor menu
Hul 29 09:39:09 nixsaiga kernel: acpiphp: ACPI Hot Plug PCI Controller Driver version: 0.5
Hul 29 09:39:09 nixsaiga kernel: PCI: ECAM [mem 0xf8000000-0xfbffffff] (base 0xf8000000) for domain 0000 [bus 00-3f]
Hul 29 09:39:09 nixsaiga kernel: PCI: Using configuration type 1 for base access
Hul 29 09:39:09 nixsaiga kernel: kprobes: kprobe jump-optimization is enabled. All kprobes are optimized if possible.
Hul 29 09:39:09 nixsaiga kernel: HugeTLB: registered 1.00 GiB page size, pre-allocated 0 pages
Hul 29 09:39:09 nixsaiga kernel: HugeTLB: 16380 KiB vmemmap can be freed for a 1.00 GiB page
Hul 29 09:39:09 nixsaiga kernel: HugeTLB: registered 2.00 MiB page size, pre-allocated 0 pages
Hul 29 09:39:09 nixsaiga kernel: HugeTLB: 28 KiB vmemmap can be freed for a 2.00 MiB page
Hul 29 09:39:09 nixsaiga kernel: Demotion targets for Node 0: null
Hul 29 09:39:09 nixsaiga kernel: ACPI: Added _OSI(Module Device)
Hul 29 09:39:09 nixsaiga kernel: ACPI: Added _OSI(Processor Device)
Hul 29 09:39:09 nixsaiga kernel: ACPI: Added _OSI(3.0 _SCP Extensions)
Hul 29 09:39:09 nixsaiga kernel: ACPI: Added _OSI(Processor Aggregator Device)
Hul 29 09:39:09 nixsaiga kernel: ACPI: 10 ACPI AML tables successfully acquired and loaded
Hul 29 09:39:09 nixsaiga kernel: ACPI: [Firmware Bug]: BIOS _OSI(Linux) query ignored
Hul 29 09:39:09 nixsaiga kernel: ACPI: _OSC evaluation for CPUs failed, trying _PDC
Hul 29 09:39:09 nixsaiga kernel: ACPI: Interpreter enabled
Hul 29 09:39:09 nixsaiga kernel: ACPI: PM: (supports S0 S3 S4 S5)
Hul 29 09:39:09 nixsaiga kernel: ACPI: Using IOAPIC for interrupt routing
Hul 29 09:39:09 nixsaiga kernel: PCI: Using host bridge windows from ACPI; if necessary, use "pci=nocrs" and report a bug
Hul 29 09:39:09 nixsaiga kernel: PCI: Using E820 reservations for host bridge windows
Hul 29 09:39:09 nixsaiga kernel: ACPI: Enabled 2 GPEs in block 00 to 1F
Hul 29 09:39:09 nixsaiga kernel: ACPI: PCI Root Bridge [PCI0] (domain 0000 [bus 00-ff])
Hul 29 09:39:09 nixsaiga kernel: acpi PNP0A08:00: _OSC: OS supports [ExtendedConfig ASPM ClockPM Segments MSI HPX-Type3]
Hul 29 09:39:09 nixsaiga kernel: acpi PNP0A08:00: _OSC: platform does not support [LTR]
Hul 29 09:39:09 nixsaiga kernel: acpi PNP0A08:00: _OSC: OS now controls [PCIeHotplug PME PCIeCapability]
Hul 29 09:39:09 nixsaiga kernel: acpi PNP0A08:00: [Firmware Info]: ECAM [mem 0xf8000000-0xfbffffff] for domain 0000 [bus 00-3f] only partially covers this bridge
Hul 29 09:39:09 nixsaiga kernel: PCI host bridge to bus 0000:00
Hul 29 09:39:09 nixsaiga kernel: pci_bus 0000:00: root bus resource [io  0x0000-0x03af window]
Hul 29 09:39:09 nixsaiga kernel: pci_bus 0000:00: root bus resource [io  0x03e0-0x0cf7 window]
Hul 29 09:39:09 nixsaiga kernel: pci_bus 0000:00: root bus resource [io  0x03b0-0x03df window]
Hul 29 09:39:09 nixsaiga kernel: pci_bus 0000:00: root bus resource [io  0x0d00-0xffff window]
Hul 29 09:39:09 nixsaiga kernel: pci_bus 0000:00: root bus resource [mem 0x000a0000-0x000dffff window]
Hul 29 09:39:09 nixsaiga kernel: pci_bus 0000:00: root bus resource [mem 0xe0000000-0xfec2ffff window]
Hul 29 09:39:09 nixsaiga kernel: pci_bus 0000:00: root bus resource [mem 0xfee00000-0xffffffff window]
Hul 29 09:39:09 nixsaiga kernel: pci_bus 0000:00: root bus resource [bus 00-ff]
Hul 29 09:39:09 nixsaiga kernel: pci 0000:00:00.0: [1022:15d0] type 00 class 0x060000 conventional PCI endpoint
Hul 29 09:39:09 nixsaiga kernel: pci 0000:00:00.2: [1022:15d1] type 00 class 0x080600 conventional PCI endpoint
Hul 29 09:39:09 nixsaiga kernel: pci 0000:00:01.0: [1022:1452] type 00 class 0x060000 conventional PCI endpoint
Hul 29 09:39:09 nixsaiga kernel: pci 0000:00:01.2: [1022:15d3] type 01 class 0x060400 PCIe Root Port
Hul 29 09:39:09 nixsaiga kernel: pci 0000:00:01.2: PCI bridge to [bus 01-08]
Hul 29 09:39:09 nixsaiga kernel: pci 0000:00:01.2:   bridge window [io  0xf000-0xffff]
Hul 29 09:39:09 nixsaiga kernel: pci 0000:00:01.2:   bridge window [mem 0xfcd00000-0xfcefffff]
Hul 29 09:39:09 nixsaiga kernel: pci 0000:00:01.2:   bridge window [mem 0xf0300000-0xf03fffff 64bit pref]
Hul 29 09:39:09 nixsaiga kernel: pci 0000:00:01.2: enabling Extended Tags
Hul 29 09:39:09 nixsaiga kernel: pci 0000:00:01.2: PME# supported from D0 D3hot D3cold
Hul 29 09:39:09 nixsaiga kernel: pci 0000:00:08.0: [1022:1452] type 00 class 0x060000 conventional PCI endpoint
Hul 29 09:39:09 nixsaiga kernel: pci 0000:00:08.1: [1022:15db] type 01 class 0x060400 PCIe Root Port
Hul 29 09:39:09 nixsaiga kernel: pci 0000:00:08.1: PCI bridge to [bus 09]
Hul 29 09:39:09 nixsaiga kernel: pci 0000:00:08.1:   bridge window [io  0xe000-0xefff]
Hul 29 09:39:09 nixsaiga kernel: pci 0000:00:08.1:   bridge window [mem 0xfc900000-0xfccfffff]
Hul 29 09:39:09 nixsaiga kernel: pci 0000:00:08.1:   bridge window [mem 0xe0000000-0xf01fffff 64bit pref]
Hul 29 09:39:09 nixsaiga kernel: pci 0000:00:08.1: enabling Extended Tags
Hul 29 09:39:09 nixsaiga kernel: pci 0000:00:08.1: PME# supported from D0 D3hot D3cold
Hul 29 09:39:09 nixsaiga kernel: pci 0000:00:08.2: [1022:15dc] type 01 class 0x060400 PCIe Root Port
Hul 29 09:39:09 nixsaiga kernel: pci 0000:00:08.2: PCI bridge to [bus 0a]
Hul 29 09:39:09 nixsaiga kernel: pci 0000:00:08.2:   bridge window [mem 0xfcf00000-0xfcffffff]
Hul 29 09:39:09 nixsaiga kernel: pci 0000:00:08.2: enabling Extended Tags
Hul 29 09:39:09 nixsaiga kernel: pci 0000:00:08.2: PME# supported from D0 D3hot D3cold
Hul 29 09:39:09 nixsaiga kernel: pci 0000:00:14.0: [1022:790b] type 00 class 0x0c0500 conventional PCI endpoint
Hul 29 09:39:09 nixsaiga kernel: pci 0000:00:14.3: [1022:790e] type 00 class 0x060100 conventional PCI endpoint
Hul 29 09:39:09 nixsaiga kernel: pci 0000:00:18.0: [1022:15e8] type 00 class 0x060000 conventional PCI endpoint
Hul 29 09:39:09 nixsaiga kernel: pci 0000:00:18.1: [1022:15e9] type 00 class 0x060000 conventional PCI endpoint
Hul 29 09:39:09 nixsaiga kernel: pci 0000:00:18.2: [1022:15ea] type 00 class 0x060000 conventional PCI endpoint
Hul 29 09:39:09 nixsaiga kernel: pci 0000:00:18.3: [1022:15eb] type 00 class 0x060000 conventional PCI endpoint
Hul 29 09:39:09 nixsaiga kernel: pci 0000:00:18.4: [1022:15ec] type 00 class 0x060000 conventional PCI endpoint
Hul 29 09:39:09 nixsaiga kernel: pci 0000:00:18.5: [1022:15ed] type 00 class 0x060000 conventional PCI endpoint
Hul 29 09:39:09 nixsaiga kernel: pci 0000:00:18.6: [1022:15ee] type 00 class 0x060000 conventional PCI endpoint
Hul 29 09:39:09 nixsaiga kernel: pci 0000:00:18.7: [1022:15ef] type 00 class 0x060000 conventional PCI endpoint
Hul 29 09:39:09 nixsaiga kernel: pci 0000:01:00.0: [1022:43bb] type 00 class 0x0c0330 PCIe Legacy Endpoint
Hul 29 09:39:09 nixsaiga kernel: pci 0000:01:00.0: BAR 0 [mem 0xfcea0000-0xfcea7fff 64bit]
Hul 29 09:39:09 nixsaiga kernel: pci 0000:01:00.0: enabling Extended Tags
Hul 29 09:39:09 nixsaiga kernel: pci 0000:01:00.0: PME# supported from D3hot D3cold
Hul 29 09:39:09 nixsaiga kernel: pci 0000:01:00.0: 15.752 Gb/s available PCIe bandwidth, limited by 8.0 GT/s PCIe x2 link at 0000:00:01.2 (capable of 31.504 Gb/s with 8.0 GT/s PCIe x4 link)
Hul 29 09:39:09 nixsaiga kernel: pci 0000:01:00.1: [1022:43b7] type 00 class 0x010601 PCIe Legacy Endpoint
Hul 29 09:39:09 nixsaiga kernel: pci 0000:01:00.1: BAR 5 [mem 0xfce80000-0xfce9ffff]
Hul 29 09:39:09 nixsaiga kernel: pci 0000:01:00.1: ROM [mem 0xfce00000-0xfce7ffff pref]
Hul 29 09:39:09 nixsaiga kernel: pci 0000:01:00.1: enabling Extended Tags
Hul 29 09:39:09 nixsaiga kernel: pci 0000:01:00.1: PME# supported from D3hot D3cold
Hul 29 09:39:09 nixsaiga kernel: pci 0000:01:00.2: [1022:43b2] type 01 class 0x060400 PCIe Switch Upstream Port
Hul 29 09:39:09 nixsaiga kernel: pci 0000:01:00.2: PCI bridge to [bus 02-08]
Hul 29 09:39:09 nixsaiga kernel: pci 0000:01:00.2:   bridge window [io  0xf000-0xffff]
Hul 29 09:39:09 nixsaiga kernel: pci 0000:01:00.2:   bridge window [mem 0xfcd00000-0xfcdfffff]
Hul 29 09:39:09 nixsaiga kernel: pci 0000:01:00.2:   bridge window [mem 0xf0300000-0xf03fffff 64bit pref]
Hul 29 09:39:09 nixsaiga kernel: pci 0000:01:00.2: enabling Extended Tags
Hul 29 09:39:09 nixsaiga kernel: pci 0000:01:00.2: PME# supported from D3hot D3cold
Hul 29 09:39:09 nixsaiga kernel: pci 0000:00:01.2: PCI bridge to [bus 01-08]
Hul 29 09:39:09 nixsaiga kernel: pci 0000:02:00.0: [1022:43b4] type 01 class 0x060400 PCIe Switch Downstream Port
Hul 29 09:39:09 nixsaiga kernel: pci 0000:02:00.0: PCI bridge to [bus 03]
Hul 29 09:39:09 nixsaiga kernel: pci 0000:02:00.0: enabling Extended Tags
Hul 29 09:39:09 nixsaiga kernel: pci 0000:02:00.0: PME# supported from D3hot D3cold
Hul 29 09:39:09 nixsaiga kernel: pci 0000:02:01.0: [1022:43b4] type 01 class 0x060400 PCIe Switch Downstream Port
Hul 29 09:39:09 nixsaiga kernel: pci 0000:02:01.0: PCI bridge to [bus 04]
Hul 29 09:39:09 nixsaiga kernel: pci 0000:02:01.0: enabling Extended Tags
Hul 29 09:39:09 nixsaiga kernel: pci 0000:02:01.0: PME# supported from D3hot D3cold
Hul 29 09:39:09 nixsaiga kernel: pci 0000:02:04.0: [1022:43b4] type 01 class 0x060400 PCIe Switch Downstream Port
Hul 29 09:39:09 nixsaiga kernel: pci 0000:02:04.0: PCI bridge to [bus 05]
Hul 29 09:39:09 nixsaiga kernel: pci 0000:02:04.0: enabling Extended Tags
Hul 29 09:39:09 nixsaiga kernel: pci 0000:02:04.0: PME# supported from D3hot D3cold
Hul 29 09:39:09 nixsaiga kernel: pci 0000:02:05.0: [1022:43b4] type 01 class 0x060400 PCIe Switch Downstream Port
Hul 29 09:39:09 nixsaiga kernel: pci 0000:02:05.0: PCI bridge to [bus 06]
Hul 29 09:39:09 nixsaiga kernel: pci 0000:02:05.0: enabling Extended Tags
Hul 29 09:39:09 nixsaiga kernel: pci 0000:02:05.0: PME# supported from D3hot D3cold
Hul 29 09:39:09 nixsaiga kernel: pci 0000:02:06.0: [1022:43b4] type 01 class 0x060400 PCIe Switch Downstream Port
Hul 29 09:39:09 nixsaiga kernel: pci 0000:02:06.0: PCI bridge to [bus 07]
Hul 29 09:39:09 nixsaiga kernel: pci 0000:02:06.0: enabling Extended Tags
Hul 29 09:39:09 nixsaiga kernel: pci 0000:02:06.0: PME# supported from D3hot D3cold
Hul 29 09:39:09 nixsaiga kernel: pci 0000:02:07.0: [1022:43b4] type 01 class 0x060400 PCIe Switch Downstream Port
Hul 29 09:39:09 nixsaiga kernel: pci 0000:02:07.0: PCI bridge to [bus 08]
Hul 29 09:39:09 nixsaiga kernel: pci 0000:02:07.0:   bridge window [io  0xf000-0xffff]
Hul 29 09:39:09 nixsaiga kernel: pci 0000:02:07.0:   bridge window [mem 0xfcd00000-0xfcdfffff]
Hul 29 09:39:09 nixsaiga kernel: pci 0000:02:07.0:   bridge window [mem 0xf0300000-0xf03fffff 64bit pref]
Hul 29 09:39:09 nixsaiga kernel: pci 0000:02:07.0: enabling Extended Tags
Hul 29 09:39:09 nixsaiga kernel: pci 0000:02:07.0: PME# supported from D3hot D3cold
Hul 29 09:39:09 nixsaiga kernel: pci 0000:01:00.2: PCI bridge to [bus 02-08]
Hul 29 09:39:09 nixsaiga kernel: pci 0000:02:00.0: PCI bridge to [bus 03]
Hul 29 09:39:09 nixsaiga kernel: pci 0000:02:01.0: PCI bridge to [bus 04]
Hul 29 09:39:09 nixsaiga kernel: pci 0000:02:04.0: PCI bridge to [bus 05]
Hul 29 09:39:09 nixsaiga kernel: pci 0000:02:05.0: PCI bridge to [bus 06]
Hul 29 09:39:09 nixsaiga kernel: pci 0000:02:06.0: PCI bridge to [bus 07]
Hul 29 09:39:09 nixsaiga kernel: pci 0000:08:00.0: [10ec:8168] type 00 class 0x020000 PCIe Endpoint
Hul 29 09:39:09 nixsaiga kernel: pci 0000:08:00.0: BAR 0 [io  0xf000-0xf0ff]
Hul 29 09:39:09 nixsaiga kernel: pci 0000:08:00.0: BAR 2 [mem 0xfcd00000-0xfcd00fff 64bit]
Hul 29 09:39:09 nixsaiga kernel: pci 0000:08:00.0: BAR 4 [mem 0xf0300000-0xf0303fff 64bit pref]
Hul 29 09:39:09 nixsaiga kernel: pci 0000:08:00.0: supports D1 D2
Hul 29 09:39:09 nixsaiga kernel: pci 0000:08:00.0: PME# supported from D0 D1 D2 D3hot D3cold
Hul 29 09:39:09 nixsaiga kernel: pci 0000:02:07.0: PCI bridge to [bus 08]
Hul 29 09:39:09 nixsaiga kernel: pci 0000:09:00.0: [1002:15dd] type 00 class 0x030000 PCIe Legacy Endpoint
Hul 29 09:39:09 nixsaiga kernel: pci 0000:09:00.0: BAR 0 [mem 0xe0000000-0xefffffff 64bit pref]
Hul 29 09:39:09 nixsaiga kernel: pci 0000:09:00.0: BAR 2 [mem 0xf0000000-0xf01fffff 64bit pref]
Hul 29 09:39:09 nixsaiga kernel: pci 0000:09:00.0: BAR 4 [io  0xe000-0xe0ff]
Hul 29 09:39:09 nixsaiga kernel: pci 0000:09:00.0: BAR 5 [mem 0xfcc00000-0xfcc7ffff]
Hul 29 09:39:09 nixsaiga kernel: pci 0000:09:00.0: enabling Extended Tags
Hul 29 09:39:09 nixsaiga kernel: pci 0000:09:00.0: Video device with shadowed ROM at [mem 0x000c0000-0x000dffff]
Hul 29 09:39:09 nixsaiga kernel: pci 0000:09:00.0: PME# supported from D1 D2 D3hot D3cold
Hul 29 09:39:09 nixsaiga kernel: pci 0000:09:00.1: [1002:15de] type 00 class 0x040300 PCIe Legacy Endpoint
Hul 29 09:39:09 nixsaiga kernel: pci 0000:09:00.1: BAR 0 [mem 0xfcc88000-0xfcc8bfff]
Hul 29 09:39:09 nixsaiga kernel: pci 0000:09:00.1: enabling Extended Tags
Hul 29 09:39:09 nixsaiga kernel: pci 0000:09:00.1: PME# supported from D1 D2 D3hot D3cold
Hul 29 09:39:09 nixsaiga kernel: pci 0000:09:00.2: [1022:15df] type 00 class 0x108000 PCIe Endpoint
Hul 29 09:39:09 nixsaiga kernel: pci 0000:09:00.2: BAR 2 [mem 0xfcb00000-0xfcbfffff]
Hul 29 09:39:09 nixsaiga kernel: pci 0000:09:00.2: BAR 5 [mem 0xfcc8c000-0xfcc8dfff]
Hul 29 09:39:09 nixsaiga kernel: pci 0000:09:00.2: enabling Extended Tags
Hul 29 09:39:09 nixsaiga kernel: pci 0000:09:00.3: [1022:15e0] type 00 class 0x0c0330 PCIe Endpoint
Hul 29 09:39:09 nixsaiga kernel: pci 0000:09:00.3: BAR 0 [mem 0xfca00000-0xfcafffff 64bit]
Hul 29 09:39:09 nixsaiga kernel: pci 0000:09:00.3: enabling Extended Tags
Hul 29 09:39:09 nixsaiga kernel: pci 0000:09:00.3: PME# supported from D0 D3hot D3cold
Hul 29 09:39:09 nixsaiga kernel: pci 0000:09:00.4: [1022:15e1] type 00 class 0x0c0330 PCIe Endpoint
Hul 29 09:39:09 nixsaiga kernel: pci 0000:09:00.4: BAR 0 [mem 0xfc900000-0xfc9fffff 64bit]
Hul 29 09:39:09 nixsaiga kernel: pci 0000:09:00.4: enabling Extended Tags
Hul 29 09:39:09 nixsaiga kernel: pci 0000:09:00.4: PME# supported from D0 D3hot D3cold
Hul 29 09:39:09 nixsaiga kernel: pci 0000:09:00.6: [1022:15e3] type 00 class 0x040300 PCIe Endpoint
Hul 29 09:39:09 nixsaiga kernel: pci 0000:09:00.6: BAR 0 [mem 0xfcc80000-0xfcc87fff]
Hul 29 09:39:09 nixsaiga kernel: pci 0000:09:00.6: enabling Extended Tags
Hul 29 09:39:09 nixsaiga kernel: pci 0000:09:00.6: PME# supported from D0 D3hot D3cold
Hul 29 09:39:09 nixsaiga kernel: pci 0000:00:08.1: PCI bridge to [bus 09]
Hul 29 09:39:09 nixsaiga kernel: pci 0000:0a:00.0: [1022:7901] type 00 class 0x010601 PCIe Endpoint
Hul 29 09:39:09 nixsaiga kernel: pci 0000:0a:00.0: BAR 5 [mem 0xfcf00000-0xfcf007ff]
Hul 29 09:39:09 nixsaiga kernel: pci 0000:0a:00.0: enabling Extended Tags
Hul 29 09:39:09 nixsaiga kernel: pci 0000:0a:00.0: PME# supported from D3hot D3cold
Hul 29 09:39:09 nixsaiga kernel: pci 0000:00:08.2: PCI bridge to [bus 0a]
Hul 29 09:39:09 nixsaiga kernel: ACPI: PCI: Interrupt link LNKA configured for IRQ 0
Hul 29 09:39:09 nixsaiga kernel: ACPI: PCI: Interrupt link LNKB configured for IRQ 0
Hul 29 09:39:09 nixsaiga kernel: ACPI: PCI: Interrupt link LNKC configured for IRQ 0
Hul 29 09:39:09 nixsaiga kernel: ACPI: PCI: Interrupt link LNKD configured for IRQ 0
Hul 29 09:39:09 nixsaiga kernel: ACPI: PCI: Interrupt link LNKE configured for IRQ 0
Hul 29 09:39:09 nixsaiga kernel: ACPI: PCI: Interrupt link LNKF configured for IRQ 0
Hul 29 09:39:09 nixsaiga kernel: ACPI: PCI: Interrupt link LNKG configured for IRQ 0
Hul 29 09:39:09 nixsaiga kernel: ACPI: PCI: Interrupt link LNKH configured for IRQ 0
Hul 29 09:39:09 nixsaiga kernel: iommu: Default domain type: Translated
Hul 29 09:39:09 nixsaiga kernel: iommu: DMA domain TLB invalidation policy: lazy mode
Hul 29 09:39:09 nixsaiga kernel: ACPI: bus type USB registered
Hul 29 09:39:09 nixsaiga kernel: usbcore: registered new interface driver usbfs
Hul 29 09:39:09 nixsaiga kernel: usbcore: registered new interface driver hub
Hul 29 09:39:09 nixsaiga kernel: usbcore: registered new device driver usb
Hul 29 09:39:09 nixsaiga kernel: efivars: Registered efivars operations
Hul 29 09:39:09 nixsaiga kernel: NetLabel: Initializing
Hul 29 09:39:09 nixsaiga kernel: NetLabel:  domain hash size = 128
Hul 29 09:39:09 nixsaiga kernel: NetLabel:  protocols = UNLABELED CIPSOv4 CALIPSO
Hul 29 09:39:09 nixsaiga kernel: NetLabel:  unlabeled traffic allowed by default
Hul 29 09:39:09 nixsaiga kernel: PCI: Using ACPI for IRQ routing
Hul 29 09:39:09 nixsaiga kernel: PCI: pci_cache_line_size set to 64 bytes
Hul 29 09:39:09 nixsaiga kernel: e820: reserve RAM buffer [mem 0x09e00000-0x0bffffff]
Hul 29 09:39:09 nixsaiga kernel: e820: reserve RAM buffer [mem 0x0a200000-0x0bffffff]
Hul 29 09:39:09 nixsaiga kernel: e820: reserve RAM buffer [mem 0x0b000000-0x0bffffff]
Hul 29 09:39:09 nixsaiga kernel: e820: reserve RAM buffer [mem 0x55cae018-0x57ffffff]
Hul 29 09:39:09 nixsaiga kernel: e820: reserve RAM buffer [mem 0x55cbc018-0x57ffffff]
Hul 29 09:39:09 nixsaiga kernel: e820: reserve RAM buffer [mem 0x56f45000-0x57ffffff]
Hul 29 09:39:09 nixsaiga kernel: e820: reserve RAM buffer [mem 0x58eb0000-0x5bffffff]
Hul 29 09:39:09 nixsaiga kernel: e820: reserve RAM buffer [mem 0x5a807000-0x5bffffff]
Hul 29 09:39:09 nixsaiga kernel: e820: reserve RAM buffer [mem 0x5f000000-0x5fffffff]
Hul 29 09:39:09 nixsaiga kernel: e820: reserve RAM buffer [mem 0x21f340000-0x21fffffff]
Hul 29 09:39:09 nixsaiga kernel: pci 0000:09:00.0: vgaarb: setting as boot VGA device
Hul 29 09:39:09 nixsaiga kernel: pci 0000:09:00.0: vgaarb: bridge control possible
Hul 29 09:39:09 nixsaiga kernel: pci 0000:09:00.0: vgaarb: VGA device added: decodes=io+mem,owns=io+mem,locks=none
Hul 29 09:39:09 nixsaiga kernel: vgaarb: loaded
Hul 29 09:39:09 nixsaiga kernel: hpet0: at MMIO 0xfed00000, IRQs 2, 8, 0
Hul 29 09:39:09 nixsaiga kernel: hpet0: 3 comparators, 32-bit 14.318180 MHz counter
Hul 29 09:39:09 nixsaiga kernel: clocksource: Switched to clocksource tsc-early
Hul 29 09:39:09 nixsaiga kernel: VFS: Disk quotas dquot_6.6.0
Hul 29 09:39:09 nixsaiga kernel: VFS: Dquot-cache hash table entries: 512 (order 0, 4096 bytes)
Hul 29 09:39:09 nixsaiga kernel: pnp: PnP ACPI init
Hul 29 09:39:09 nixsaiga kernel: system 00:00: [mem 0xf8000000-0xfbffffff] has been reserved
Hul 29 09:39:09 nixsaiga kernel: system 00:01: [mem 0x60000000-0xdfffffff window] has been reserved
Hul 29 09:39:09 nixsaiga kernel: system 00:03: [io  0x0a00-0x0a2f] has been reserved
Hul 29 09:39:09 nixsaiga kernel: system 00:03: [io  0x0a30-0x0a3f] has been reserved
Hul 29 09:39:09 nixsaiga kernel: system 00:03: [io  0x0a40-0x0a4f] has been reserved
Hul 29 09:39:09 nixsaiga kernel: system 00:04: [io  0x04d0-0x04d1] has been reserved
Hul 29 09:39:09 nixsaiga kernel: system 00:04: [io  0x040b] has been reserved
Hul 29 09:39:09 nixsaiga kernel: system 00:04: [io  0x04d6] has been reserved
Hul 29 09:39:09 nixsaiga kernel: system 00:04: [io  0x0c00-0x0c01] has been reserved
Hul 29 09:39:09 nixsaiga kernel: system 00:04: [io  0x0c14] has been reserved
Hul 29 09:39:09 nixsaiga kernel: system 00:04: [io  0x0c50-0x0c51] has been reserved
Hul 29 09:39:09 nixsaiga kernel: system 00:04: [io  0x0c52] has been reserved
Hul 29 09:39:09 nixsaiga kernel: system 00:04: [io  0x0c6c] has been reserved
Hul 29 09:39:09 nixsaiga kernel: system 00:04: [io  0x0c6f] has been reserved
Hul 29 09:39:09 nixsaiga kernel: system 00:04: [io  0x0cd0-0x0cd1] has been reserved
Hul 29 09:39:09 nixsaiga kernel: system 00:04: [io  0x0cd2-0x0cd3] has been reserved
Hul 29 09:39:09 nixsaiga kernel: system 00:04: [io  0x0cd4-0x0cd5] has been reserved
Hul 29 09:39:09 nixsaiga kernel: system 00:04: [io  0x0cd6-0x0cd7] has been reserved
Hul 29 09:39:09 nixsaiga kernel: system 00:04: [io  0x0cd8-0x0cdf] has been reserved
Hul 29 09:39:09 nixsaiga kernel: system 00:04: [io  0x0800-0x089f] has been reserved
Hul 29 09:39:09 nixsaiga kernel: system 00:04: [io  0x0b00-0x0b0f] has been reserved
Hul 29 09:39:09 nixsaiga kernel: system 00:04: [io  0x0b20-0x0b3f] has been reserved
Hul 29 09:39:09 nixsaiga kernel: system 00:04: [io  0x0900-0x090f] has been reserved
Hul 29 09:39:09 nixsaiga kernel: system 00:04: [io  0x0910-0x091f] has been reserved
Hul 29 09:39:09 nixsaiga kernel: system 00:04: [mem 0xfec00000-0xfec00fff] could not be reserved
Hul 29 09:39:09 nixsaiga kernel: system 00:04: [mem 0xfec01000-0xfec01fff] could not be reserved
Hul 29 09:39:09 nixsaiga kernel: system 00:04: [mem 0xfedc0000-0xfedc0fff] has been reserved
Hul 29 09:39:09 nixsaiga kernel: system 00:04: [mem 0xfee00000-0xfee00fff] has been reserved
Hul 29 09:39:09 nixsaiga kernel: system 00:04: [mem 0xfed80000-0xfed8ffff] could not be reserved
Hul 29 09:39:09 nixsaiga kernel: system 00:04: [mem 0xfec10000-0xfec10fff] has been reserved
Hul 29 09:39:09 nixsaiga kernel: system 00:04: [mem 0xff000000-0xffffffff] has been reserved
Hul 29 09:39:09 nixsaiga kernel: pnp: PnP ACPI: found 5 devices
Hul 29 09:39:09 nixsaiga kernel: clocksource: acpi_pm: mask: 0xffffff max_cycles: 0xffffff, max_idle_ns: 2085701024 ns
Hul 29 09:39:09 nixsaiga kernel: NET: Registered PF_INET protocol family
Hul 29 09:39:09 nixsaiga kernel: IP idents hash table entries: 131072 (order: 8, 1048576 bytes, linear)
Hul 29 09:39:09 nixsaiga kernel: tcp_listen_portaddr_hash hash table entries: 4096 (order: 4, 65536 bytes, linear)
Hul 29 09:39:09 nixsaiga kernel: Table-perturb hash table entries: 65536 (order: 6, 262144 bytes, linear)
Hul 29 09:39:09 nixsaiga kernel: TCP established hash table entries: 65536 (order: 7, 524288 bytes, linear)
Hul 29 09:39:09 nixsaiga kernel: TCP bind hash table entries: 65536 (order: 9, 2097152 bytes, linear)
Hul 29 09:39:09 nixsaiga kernel: TCP: Hash tables configured (established 65536 bind 65536)
Hul 29 09:39:09 nixsaiga kernel: MPTCP token hash table entries: 8192 (order: 5, 196608 bytes, linear)
Hul 29 09:39:09 nixsaiga kernel: UDP hash table entries: 4096 (order: 5, 131072 bytes, linear)
Hul 29 09:39:09 nixsaiga kernel: UDP-Lite hash table entries: 4096 (order: 5, 131072 bytes, linear)
Hul 29 09:39:09 nixsaiga kernel: NET: Registered PF_UNIX/PF_LOCAL protocol family
Hul 29 09:39:09 nixsaiga kernel: NET: Registered PF_XDP protocol family
Hul 29 09:39:09 nixsaiga kernel: pci 0000:02:00.0: PCI bridge to [bus 03]
Hul 29 09:39:09 nixsaiga kernel: pci 0000:02:01.0: PCI bridge to [bus 04]
Hul 29 09:39:09 nixsaiga kernel: pci 0000:02:04.0: PCI bridge to [bus 05]
Hul 29 09:39:09 nixsaiga kernel: pci 0000:02:05.0: PCI bridge to [bus 06]
Hul 29 09:39:09 nixsaiga kernel: pci 0000:02:06.0: PCI bridge to [bus 07]
Hul 29 09:39:09 nixsaiga kernel: pci 0000:02:07.0: PCI bridge to [bus 08]
Hul 29 09:39:09 nixsaiga kernel: pci 0000:02:07.0:   bridge window [io  0xf000-0xffff]
Hul 29 09:39:09 nixsaiga kernel: pci 0000:02:07.0:   bridge window [mem 0xfcd00000-0xfcdfffff]
Hul 29 09:39:09 nixsaiga kernel: pci 0000:02:07.0:   bridge window [mem 0xf0300000-0xf03fffff 64bit pref]
Hul 29 09:39:09 nixsaiga kernel: pci 0000:01:00.2: PCI bridge to [bus 02-08]
Hul 29 09:39:09 nixsaiga kernel: pci 0000:01:00.2:   bridge window [io  0xf000-0xffff]
Hul 29 09:39:09 nixsaiga kernel: pci 0000:01:00.2:   bridge window [mem 0xfcd00000-0xfcdfffff]
Hul 29 09:39:09 nixsaiga kernel: pci 0000:01:00.2:   bridge window [mem 0xf0300000-0xf03fffff 64bit pref]
Hul 29 09:39:09 nixsaiga kernel: pci 0000:00:01.2: PCI bridge to [bus 01-08]
Hul 29 09:39:09 nixsaiga kernel: pci 0000:00:01.2:   bridge window [io  0xf000-0xffff]
Hul 29 09:39:09 nixsaiga kernel: pci 0000:00:01.2:   bridge window [mem 0xfcd00000-0xfcefffff]
Hul 29 09:39:09 nixsaiga kernel: pci 0000:00:01.2:   bridge window [mem 0xf0300000-0xf03fffff 64bit pref]
Hul 29 09:39:09 nixsaiga kernel: pci 0000:00:08.1: PCI bridge to [bus 09]
Hul 29 09:39:09 nixsaiga kernel: pci 0000:00:08.1:   bridge window [io  0xe000-0xefff]
Hul 29 09:39:09 nixsaiga kernel: pci 0000:00:08.1:   bridge window [mem 0xfc900000-0xfccfffff]
Hul 29 09:39:09 nixsaiga kernel: pci 0000:00:08.1:   bridge window [mem 0xe0000000-0xf01fffff 64bit pref]
Hul 29 09:39:09 nixsaiga kernel: pci 0000:00:08.2: PCI bridge to [bus 0a]
Hul 29 09:39:09 nixsaiga kernel: pci 0000:00:08.2:   bridge window [mem 0xfcf00000-0xfcffffff]
Hul 29 09:39:09 nixsaiga kernel: pci_bus 0000:00: resource 4 [io  0x0000-0x03af window]
Hul 29 09:39:09 nixsaiga kernel: pci_bus 0000:00: resource 5 [io  0x03e0-0x0cf7 window]
Hul 29 09:39:09 nixsaiga kernel: pci_bus 0000:00: resource 6 [io  0x03b0-0x03df window]
Hul 29 09:39:09 nixsaiga kernel: pci_bus 0000:00: resource 7 [io  0x0d00-0xffff window]
Hul 29 09:39:09 nixsaiga kernel: pci_bus 0000:00: resource 8 [mem 0x000a0000-0x000dffff window]
Hul 29 09:39:09 nixsaiga kernel: pci_bus 0000:00: resource 9 [mem 0xe0000000-0xfec2ffff window]
Hul 29 09:39:09 nixsaiga kernel: pci_bus 0000:00: resource 10 [mem 0xfee00000-0xffffffff window]
Hul 29 09:39:09 nixsaiga kernel: pci_bus 0000:01: resource 0 [io  0xf000-0xffff]
Hul 29 09:39:09 nixsaiga kernel: pci_bus 0000:01: resource 1 [mem 0xfcd00000-0xfcefffff]
Hul 29 09:39:09 nixsaiga kernel: pci_bus 0000:01: resource 2 [mem 0xf0300000-0xf03fffff 64bit pref]
Hul 29 09:39:09 nixsaiga kernel: pci_bus 0000:02: resource 0 [io  0xf000-0xffff]
Hul 29 09:39:09 nixsaiga kernel: pci_bus 0000:02: resource 1 [mem 0xfcd00000-0xfcdfffff]
Hul 29 09:39:09 nixsaiga kernel: pci_bus 0000:02: resource 2 [mem 0xf0300000-0xf03fffff 64bit pref]
Hul 29 09:39:09 nixsaiga kernel: pci_bus 0000:08: resource 0 [io  0xf000-0xffff]
Hul 29 09:39:09 nixsaiga kernel: pci_bus 0000:08: resource 1 [mem 0xfcd00000-0xfcdfffff]
Hul 29 09:39:09 nixsaiga kernel: pci_bus 0000:08: resource 2 [mem 0xf0300000-0xf03fffff 64bit pref]
Hul 29 09:39:09 nixsaiga kernel: pci_bus 0000:09: resource 0 [io  0xe000-0xefff]
Hul 29 09:39:09 nixsaiga kernel: pci_bus 0000:09: resource 1 [mem 0xfc900000-0xfccfffff]
Hul 29 09:39:09 nixsaiga kernel: pci_bus 0000:09: resource 2 [mem 0xe0000000-0xf01fffff 64bit pref]
Hul 29 09:39:09 nixsaiga kernel: pci_bus 0000:0a: resource 1 [mem 0xfcf00000-0xfcffffff]
Hul 29 09:39:09 nixsaiga kernel: pci 0000:09:00.1: D0 power state depends on 0000:09:00.0
Hul 29 09:39:09 nixsaiga kernel: pci 0000:09:00.3: extending delay after power-on from D3hot to 20 msec
Hul 29 09:39:09 nixsaiga kernel: pci 0000:09:00.4: extending delay after power-on from D3hot to 20 msec
Hul 29 09:39:09 nixsaiga kernel: PCI: CLS 64 bytes, default 64
Hul 29 09:39:09 nixsaiga kernel: pci 0000:00:00.2: AMD-Vi: IOMMU performance counters supported
Hul 29 09:39:09 nixsaiga kernel: pci 0000:00:01.0: Adding to iommu group 0
Hul 29 09:39:09 nixsaiga kernel: Trying to unpack rootfs image as initramfs...
Hul 29 09:39:09 nixsaiga kernel: pci 0000:00:01.2: Adding to iommu group 1
Hul 29 09:39:09 nixsaiga kernel: pci 0000:00:08.0: Adding to iommu group 2
Hul 29 09:39:09 nixsaiga kernel: pci 0000:00:08.1: Adding to iommu group 3
Hul 29 09:39:09 nixsaiga kernel: pci 0000:00:08.2: Adding to iommu group 4
Hul 29 09:39:09 nixsaiga kernel: pci 0000:00:14.0: Adding to iommu group 5
Hul 29 09:39:09 nixsaiga kernel: pci 0000:00:14.3: Adding to iommu group 5
Hul 29 09:39:09 nixsaiga kernel: pci 0000:00:18.0: Adding to iommu group 6
Hul 29 09:39:09 nixsaiga kernel: pci 0000:00:18.1: Adding to iommu group 6
Hul 29 09:39:09 nixsaiga kernel: pci 0000:00:18.2: Adding to iommu group 6
Hul 29 09:39:09 nixsaiga kernel: pci 0000:00:18.3: Adding to iommu group 6
Hul 29 09:39:09 nixsaiga kernel: pci 0000:00:18.4: Adding to iommu group 6
Hul 29 09:39:09 nixsaiga kernel: pci 0000:00:18.5: Adding to iommu group 6
Hul 29 09:39:09 nixsaiga kernel: pci 0000:00:18.6: Adding to iommu group 6
Hul 29 09:39:09 nixsaiga kernel: pci 0000:00:18.7: Adding to iommu group 6
Hul 29 09:39:09 nixsaiga kernel: pci 0000:01:00.0: Adding to iommu group 7
Hul 29 09:39:09 nixsaiga kernel: pci 0000:01:00.1: Adding to iommu group 7
Hul 29 09:39:09 nixsaiga kernel: pci 0000:01:00.2: Adding to iommu group 7
Hul 29 09:39:09 nixsaiga kernel: pci 0000:02:00.0: Adding to iommu group 7
Hul 29 09:39:09 nixsaiga kernel: pci 0000:02:01.0: Adding to iommu group 7
Hul 29 09:39:09 nixsaiga kernel: pci 0000:02:04.0: Adding to iommu group 7
Hul 29 09:39:09 nixsaiga kernel: pci 0000:02:05.0: Adding to iommu group 7
Hul 29 09:39:09 nixsaiga kernel: pci 0000:02:06.0: Adding to iommu group 7
Hul 29 09:39:09 nixsaiga kernel: pci 0000:02:07.0: Adding to iommu group 7
Hul 29 09:39:09 nixsaiga kernel: pci 0000:08:00.0: Adding to iommu group 7
Hul 29 09:39:09 nixsaiga kernel: pci 0000:09:00.0: Adding to iommu group 8
Hul 29 09:39:09 nixsaiga kernel: pci 0000:09:00.1: Adding to iommu group 9
Hul 29 09:39:09 nixsaiga kernel: pci 0000:09:00.2: Adding to iommu group 9
Hul 29 09:39:09 nixsaiga kernel: pci 0000:09:00.3: Adding to iommu group 9
Hul 29 09:39:09 nixsaiga kernel: pci 0000:09:00.4: Adding to iommu group 9
Hul 29 09:39:09 nixsaiga kernel: pci 0000:09:00.6: Adding to iommu group 9
Hul 29 09:39:09 nixsaiga kernel: pci 0000:0a:00.0: Adding to iommu group 10
Hul 29 09:39:09 nixsaiga kernel: AMD-Vi: Extended features (0x4f77ef22294ada, 0x0): PPR NX GT IA GA PC GA_vAPIC
Hul 29 09:39:09 nixsaiga kernel: AMD-Vi: Interrupt remapping enabled
Hul 29 09:39:09 nixsaiga kernel: AMD-Vi: Virtual APIC enabled
Hul 29 09:39:09 nixsaiga kernel: PCI-DMA: Using software bounce buffering for IO (SWIOTLB)
Hul 29 09:39:09 nixsaiga kernel: software IO TLB: mapped [mem 0x000000004fbc0000-0x0000000053bc0000] (64MB)
Hul 29 09:39:09 nixsaiga kernel: perf/amd_iommu: Detected AMD IOMMU #0 (2 banks, 4 counters/bank).
Hul 29 09:39:09 nixsaiga kernel: Initialise system trusted keyrings
Hul 29 09:39:09 nixsaiga kernel: workingset: timestamp_bits=40 max_order=21 bucket_order=0
Hul 29 09:39:09 nixsaiga kernel: Key type asymmetric registered
Hul 29 09:39:09 nixsaiga kernel: Asymmetric key parser 'x509' registered
Hul 29 09:39:09 nixsaiga kernel: Block layer SCSI generic (bsg) driver version 0.4 loaded (major 251)
Hul 29 09:39:09 nixsaiga kernel: io scheduler mq-deadline registered
Hul 29 09:39:09 nixsaiga kernel: io scheduler kyber registered
Hul 29 09:39:09 nixsaiga kernel: pcieport 0000:00:01.2: PME: Signaling with IRQ 26
Hul 29 09:39:09 nixsaiga kernel: pcieport 0000:00:08.1: PME: Signaling with IRQ 27
Hul 29 09:39:09 nixsaiga kernel: pcieport 0000:00:08.2: PME: Signaling with IRQ 28
Hul 29 09:39:09 nixsaiga kernel: Monitor-Mwait will be used to enter C-1 state
Hul 29 09:39:09 nixsaiga kernel: ACPI: \_PR_.C000: Found 2 idle states
Hul 29 09:39:09 nixsaiga kernel: ACPI: \_PR_.C002: Found 2 idle states
Hul 29 09:39:09 nixsaiga kernel: ACPI: \_PR_.C001: Found 2 idle states
Hul 29 09:39:09 nixsaiga kernel: ACPI: \_PR_.C003: Found 2 idle states
Hul 29 09:39:09 nixsaiga kernel: Serial: 8250/16550 driver, 4 ports, IRQ sharing enabled
Hul 29 09:39:09 nixsaiga kernel: Linux agpgart interface v0.103
Hul 29 09:39:09 nixsaiga kernel: ACPI: bus type drm_connector registered
Hul 29 09:39:09 nixsaiga kernel: usbcore: registered new interface driver usbserial_generic
Hul 29 09:39:09 nixsaiga kernel: usbserial: USB Serial support registered for generic
Hul 29 09:39:09 nixsaiga kernel: amd_pstate: the _CPC object is not present in SBIOS or ACPI disabled
Hul 29 09:39:09 nixsaiga kernel: [drm] Initialized simpledrm 1.0.0 20200625 for simple-framebuffer.0 on minor 0
Hul 29 09:39:09 nixsaiga kernel: fbcon: Deferring console take-over
Hul 29 09:39:09 nixsaiga kernel: simple-framebuffer simple-framebuffer.0: [drm] fb0: simpledrmdrmfb frame buffer device
Hul 29 09:39:09 nixsaiga kernel: drop_monitor: Initializing network drop monitor service
Hul 29 09:39:09 nixsaiga kernel: NET: Registered PF_INET6 protocol family
Hul 29 09:39:09 nixsaiga kernel: Freeing initrd memory: 11304K
Hul 29 09:39:09 nixsaiga kernel: Segment Routing with IPv6
Hul 29 09:39:09 nixsaiga kernel: In-situ OAM (IOAM) with IPv6
Hul 29 09:39:09 nixsaiga kernel: microcode: Current revision: 0x08101016
Hul 29 09:39:09 nixsaiga kernel: IPI shorthand broadcast: enabled
Hul 29 09:39:09 nixsaiga kernel: sched_clock: Marking stable (389644204, 1431239)->(407526544, -16451101)
Hul 29 09:39:09 nixsaiga kernel: Timer migration: 1 hierarchy levels; 8 children per group; 1 crossnode level
Hul 29 09:39:09 nixsaiga kernel: registered taskstats version 1
Hul 29 09:39:09 nixsaiga kernel: Loading compiled-in X.509 certificates
Hul 29 09:39:09 nixsaiga kernel: Key type .fscrypt registered
Hul 29 09:39:09 nixsaiga kernel: Key type fscrypt-provisioning registered
Hul 29 09:39:09 nixsaiga kernel: PM:   Magic number: 0:422:661
Hul 29 09:39:09 nixsaiga kernel: PM:   hash matches drivers/base/power/main.c:818
Hul 29 09:39:09 nixsaiga kernel: RAS: Correctable Errors collector initialized.
Hul 29 09:39:09 nixsaiga kernel: clk: Disabling unused clocks
Hul 29 09:39:09 nixsaiga kernel: PM: genpd: Disabling unused power domains
Hul 29 09:39:09 nixsaiga kernel: Freeing unused decrypted memory: 2028K
Hul 29 09:39:09 nixsaiga kernel: Freeing unused kernel image (initmem) memory: 3168K
Hul 29 09:39:09 nixsaiga kernel: Write protecting the kernel read-only data: 28672k
Hul 29 09:39:09 nixsaiga kernel: Freeing unused kernel image (rodata/data gap) memory: 1168K
Hul 29 09:39:09 nixsaiga kernel: x86/mm: Checked W+X mappings: passed, no W+X pages found.
Hul 29 09:39:09 nixsaiga kernel: Run /init as init process
Hul 29 09:39:09 nixsaiga kernel:   with arguments:
Hul 29 09:39:09 nixsaiga kernel:     /init
Hul 29 09:39:09 nixsaiga kernel:   with environment:
Hul 29 09:39:09 nixsaiga kernel:     HOME=/
Hul 29 09:39:09 nixsaiga kernel:     TERM=linux
Hul 29 09:39:09 nixsaiga kernel: fbcon: Taking over console
Hul 29 09:39:09 nixsaiga kernel: Console: switching to colour frame buffer device 128x48
Hul 29 09:39:09 nixsaiga stage-1-init: [Mon Jul 29 01:39:05 UTC 2024] loading module dm_mod...
Hul 29 09:39:09 nixsaiga kernel: device-mapper: ioctl: 4.48.0-ioctl (2023-03-01) initialised: dm-devel@lists.linux.dev
Hul 29 09:39:09 nixsaiga stage-1-init: [Mon Jul 29 01:39:05 UTC 2024] running udev...
Hul 29 09:39:09 nixsaiga stage-1-init: [Mon Jul 29 01:39:05 UTC 2024] Starting systemd-udevd version 255.6
Hul 29 09:39:09 nixsaiga kernel: rtc_cmos 00:02: RTC can wake from S4
Hul 29 09:39:09 nixsaiga kernel: rtc_cmos 00:02: registered as rtc0
Hul 29 09:39:09 nixsaiga kernel: rtc_cmos 00:02: setting system clock to 2024-07-29T01:39:05 UTC (1722217145)
Hul 29 09:39:09 nixsaiga kernel: rtc_cmos 00:02: alarms up to one month, y3k, 114 bytes nvram
Hul 29 09:39:09 nixsaiga kernel: SCSI subsystem initialized
Hul 29 09:39:09 nixsaiga kernel: xhci_hcd 0000:01:00.0: xHCI Host Controller
Hul 29 09:39:09 nixsaiga kernel: xhci_hcd 0000:01:00.0: new USB bus registered, assigned bus number 1
Hul 29 09:39:09 nixsaiga kernel: libata version 3.00 loaded.
Hul 29 09:39:09 nixsaiga kernel: ahci 0000:01:00.1: version 3.0
Hul 29 09:39:09 nixsaiga kernel: ahci 0000:01:00.1: SSS flag set, parallel bus scan disabled
Hul 29 09:39:09 nixsaiga kernel: ahci 0000:01:00.1: AHCI vers 0001.0301, 32 command slots, 6 Gbps, SATA mode
Hul 29 09:39:09 nixsaiga kernel: ahci 0000:01:00.1: 4/8 ports implemented (port mask 0x33)
Hul 29 09:39:09 nixsaiga kernel: ahci 0000:01:00.1: flags: 64bit ncq sntf stag pm led clo only pmp pio slum part sxs deso sadm sds apst 
Hul 29 09:39:09 nixsaiga kernel: scsi host0: ahci
Hul 29 09:39:09 nixsaiga kernel: scsi host1: ahci
Hul 29 09:39:09 nixsaiga kernel: scsi host2: ahci
Hul 29 09:39:09 nixsaiga kernel: scsi host3: ahci
Hul 29 09:39:09 nixsaiga kernel: scsi host4: ahci
Hul 29 09:39:09 nixsaiga kernel: scsi host5: ahci
Hul 29 09:39:09 nixsaiga kernel: scsi host6: ahci
Hul 29 09:39:09 nixsaiga kernel: scsi host7: ahci
Hul 29 09:39:09 nixsaiga kernel: ata1: SATA max UDMA/133 abar m131072@0xfce80000 port 0xfce80100 irq 39 lpm-pol 3
Hul 29 09:39:09 nixsaiga kernel: ata2: SATA max UDMA/133 abar m131072@0xfce80000 port 0xfce80180 irq 39 lpm-pol 3
Hul 29 09:39:09 nixsaiga kernel: ata3: DUMMY
Hul 29 09:39:09 nixsaiga kernel: ata4: DUMMY
Hul 29 09:39:09 nixsaiga kernel: ata5: SATA max UDMA/133 abar m131072@0xfce80000 port 0xfce80300 irq 39 lpm-pol 3
Hul 29 09:39:09 nixsaiga kernel: ata6: SATA max UDMA/133 abar m131072@0xfce80000 port 0xfce80380 irq 39 lpm-pol 3
Hul 29 09:39:09 nixsaiga kernel: ata7: DUMMY
Hul 29 09:39:09 nixsaiga kernel: ata8: DUMMY
Hul 29 09:39:09 nixsaiga kernel: ahci 0000:0a:00.0: AHCI vers 0001.0301, 32 command slots, 6 Gbps, SATA mode
Hul 29 09:39:09 nixsaiga kernel: ahci 0000:0a:00.0: 1/1 ports implemented (port mask 0x2)
Hul 29 09:39:09 nixsaiga kernel: ahci 0000:0a:00.0: flags: 64bit ncq sntf ilck pm led clo only pmp fbs pio slum part 
Hul 29 09:39:09 nixsaiga kernel: scsi host8: ahci
Hul 29 09:39:09 nixsaiga kernel: scsi host9: ahci
Hul 29 09:39:09 nixsaiga kernel: ata9: DUMMY
Hul 29 09:39:09 nixsaiga kernel: ata10: SATA max UDMA/133 abar m2048@0xfcf00000 port 0xfcf00180 irq 42 lpm-pol 3
Hul 29 09:39:09 nixsaiga kernel: xhci_hcd 0000:01:00.0: hcc params 0x0200ef81 hci version 0x110 quirks 0x0000010048000010
Hul 29 09:39:09 nixsaiga kernel: xhci_hcd 0000:01:00.0: xHCI Host Controller
Hul 29 09:39:09 nixsaiga kernel: xhci_hcd 0000:01:00.0: new USB bus registered, assigned bus number 2
Hul 29 09:39:09 nixsaiga kernel: xhci_hcd 0000:01:00.0: Host supports USB 3.1 Enhanced SuperSpeed
Hul 29 09:39:09 nixsaiga kernel: usb usb1: New USB device found, idVendor=1d6b, idProduct=0002, bcdDevice= 6.09
Hul 29 09:39:09 nixsaiga kernel: usb usb1: New USB device strings: Mfr=3, Product=2, SerialNumber=1
Hul 29 09:39:09 nixsaiga kernel: usb usb1: Product: xHCI Host Controller
Hul 29 09:39:09 nixsaiga kernel: usb usb1: Manufacturer: Linux 6.9.8-zen1 xhci-hcd
Hul 29 09:39:09 nixsaiga kernel: usb usb1: SerialNumber: 0000:01:00.0
Hul 29 09:39:09 nixsaiga kernel: hub 1-0:1.0: USB hub found
Hul 29 09:39:09 nixsaiga kernel: hub 1-0:1.0: 10 ports detected
Hul 29 09:39:09 nixsaiga kernel: usb usb2: We don't know the algorithms for LPM for this host, disabling LPM.
Hul 29 09:39:09 nixsaiga kernel: usb usb2: New USB device found, idVendor=1d6b, idProduct=0003, bcdDevice= 6.09
Hul 29 09:39:09 nixsaiga kernel: usb usb2: New USB device strings: Mfr=3, Product=2, SerialNumber=1
Hul 29 09:39:09 nixsaiga kernel: usb usb2: Product: xHCI Host Controller
Hul 29 09:39:09 nixsaiga kernel: usb usb2: Manufacturer: Linux 6.9.8-zen1 xhci-hcd
Hul 29 09:39:09 nixsaiga kernel: usb usb2: SerialNumber: 0000:01:00.0
Hul 29 09:39:09 nixsaiga kernel: hub 2-0:1.0: USB hub found
Hul 29 09:39:09 nixsaiga kernel: hub 2-0:1.0: 4 ports detected
Hul 29 09:39:09 nixsaiga kernel: usb: port power management may be unreliable
Hul 29 09:39:09 nixsaiga kernel: xhci_hcd 0000:09:00.3: xHCI Host Controller
Hul 29 09:39:09 nixsaiga kernel: xhci_hcd 0000:09:00.3: new USB bus registered, assigned bus number 3
Hul 29 09:39:09 nixsaiga kernel: xhci_hcd 0000:09:00.3: hcc params 0x0270ffe5 hci version 0x110 quirks 0x0000000840000010
Hul 29 09:39:09 nixsaiga kernel: xhci_hcd 0000:09:00.3: xHCI Host Controller
Hul 29 09:39:09 nixsaiga kernel: xhci_hcd 0000:09:00.3: new USB bus registered, assigned bus number 4
Hul 29 09:39:09 nixsaiga kernel: xhci_hcd 0000:09:00.3: Host supports USB 3.1 Enhanced SuperSpeed
Hul 29 09:39:09 nixsaiga kernel: usb usb3: New USB device found, idVendor=1d6b, idProduct=0002, bcdDevice= 6.09
Hul 29 09:39:09 nixsaiga kernel: usb usb3: New USB device strings: Mfr=3, Product=2, SerialNumber=1
Hul 29 09:39:09 nixsaiga kernel: usb usb3: Product: xHCI Host Controller
Hul 29 09:39:09 nixsaiga kernel: usb usb3: Manufacturer: Linux 6.9.8-zen1 xhci-hcd
Hul 29 09:39:09 nixsaiga kernel: usb usb3: SerialNumber: 0000:09:00.3
Hul 29 09:39:09 nixsaiga kernel: hub 3-0:1.0: USB hub found
Hul 29 09:39:09 nixsaiga kernel: hub 3-0:1.0: 4 ports detected
Hul 29 09:39:09 nixsaiga kernel: usb usb4: We don't know the algorithms for LPM for this host, disabling LPM.
Hul 29 09:39:09 nixsaiga kernel: usb usb4: New USB device found, idVendor=1d6b, idProduct=0003, bcdDevice= 6.09
Hul 29 09:39:09 nixsaiga kernel: usb usb4: New USB device strings: Mfr=3, Product=2, SerialNumber=1
Hul 29 09:39:09 nixsaiga kernel: usb usb4: Product: xHCI Host Controller
Hul 29 09:39:09 nixsaiga kernel: usb usb4: Manufacturer: Linux 6.9.8-zen1 xhci-hcd
Hul 29 09:39:09 nixsaiga kernel: usb usb4: SerialNumber: 0000:09:00.3
Hul 29 09:39:09 nixsaiga kernel: hub 4-0:1.0: USB hub found
Hul 29 09:39:09 nixsaiga kernel: hub 4-0:1.0: 4 ports detected
Hul 29 09:39:09 nixsaiga kernel: xhci_hcd 0000:09:00.4: xHCI Host Controller
Hul 29 09:39:09 nixsaiga kernel: xhci_hcd 0000:09:00.4: new USB bus registered, assigned bus number 5
Hul 29 09:39:09 nixsaiga kernel: xhci_hcd 0000:09:00.4: hcc params 0x0260ffe5 hci version 0x110 quirks 0x0000000840000010
Hul 29 09:39:09 nixsaiga kernel: xhci_hcd 0000:09:00.4: xHCI Host Controller
Hul 29 09:39:09 nixsaiga kernel: xhci_hcd 0000:09:00.4: new USB bus registered, assigned bus number 6
Hul 29 09:39:09 nixsaiga kernel: xhci_hcd 0000:09:00.4: Host supports USB 3.1 Enhanced SuperSpeed
Hul 29 09:39:09 nixsaiga kernel: usb usb5: New USB device found, idVendor=1d6b, idProduct=0002, bcdDevice= 6.09
Hul 29 09:39:09 nixsaiga kernel: usb usb5: New USB device strings: Mfr=3, Product=2, SerialNumber=1
Hul 29 09:39:09 nixsaiga kernel: usb usb5: Product: xHCI Host Controller
Hul 29 09:39:09 nixsaiga kernel: usb usb5: Manufacturer: Linux 6.9.8-zen1 xhci-hcd
Hul 29 09:39:09 nixsaiga kernel: usb usb5: SerialNumber: 0000:09:00.4
Hul 29 09:39:09 nixsaiga kernel: hub 5-0:1.0: USB hub found
Hul 29 09:39:09 nixsaiga kernel: hub 5-0:1.0: 1 port detected
Hul 29 09:39:09 nixsaiga kernel: usb usb6: We don't know the algorithms for LPM for this host, disabling LPM.
Hul 29 09:39:09 nixsaiga kernel: usb usb6: New USB device found, idVendor=1d6b, idProduct=0003, bcdDevice= 6.09
Hul 29 09:39:09 nixsaiga kernel: usb usb6: New USB device strings: Mfr=3, Product=2, SerialNumber=1
Hul 29 09:39:09 nixsaiga kernel: usb usb6: Product: xHCI Host Controller
Hul 29 09:39:09 nixsaiga kernel: usb usb6: Manufacturer: Linux 6.9.8-zen1 xhci-hcd
Hul 29 09:39:09 nixsaiga kernel: usb usb6: SerialNumber: 0000:09:00.4
Hul 29 09:39:09 nixsaiga kernel: hub 6-0:1.0: USB hub found
Hul 29 09:39:09 nixsaiga kernel: hub 6-0:1.0: 1 port detected
Hul 29 09:39:09 nixsaiga kernel: usb 3-2: new low-speed USB device number 2 using xhci_hcd
Hul 29 09:39:09 nixsaiga kernel: ata1: SATA link down (SStatus 0 SControl 300)
Hul 29 09:39:09 nixsaiga kernel: usb 3-2: New USB device found, idVendor=30fa, idProduct=1040, bcdDevice= 1.00
Hul 29 09:39:09 nixsaiga kernel: usb 3-2: New USB device strings: Mfr=2, Product=1, SerialNumber=0
Hul 29 09:39:09 nixsaiga kernel: usb 3-2: Product: USB GAMING MOUSE 
Hul 29 09:39:09 nixsaiga kernel: usb 3-2: Manufacturer: INSTANT
Hul 29 09:39:09 nixsaiga kernel: ata10: SATA link up 6.0 Gbps (SStatus 133 SControl 300)
Hul 29 09:39:09 nixsaiga kernel: ata10.00: ATA-10: Kingmax SSD 128GB, V3.33.S, max UDMA/133
Hul 29 09:39:09 nixsaiga kernel: ata10.00: NCQ Send/Recv Log not supported
Hul 29 09:39:09 nixsaiga kernel: ata10.00: 250069680 sectors, multi 0: LBA48 NCQ (depth 32), AA
Hul 29 09:39:09 nixsaiga kernel: ata10.00: Features: Dev-Sleep
Hul 29 09:39:09 nixsaiga kernel: ata10.00: NCQ Send/Recv Log not supported
Hul 29 09:39:09 nixsaiga kernel: ata10.00: configured for UDMA/133
Hul 29 09:39:09 nixsaiga kernel: usb 3-3: new low-speed USB device number 3 using xhci_hcd
Hul 29 09:39:09 nixsaiga kernel: tsc: Refined TSC clocksource calibration: 3493.436 MHz
Hul 29 09:39:09 nixsaiga kernel: clocksource: tsc: mask: 0xffffffffffffffff max_cycles: 0x325b186289d, max_idle_ns: 440795326624 ns
Hul 29 09:39:09 nixsaiga kernel: clocksource: Switched to clocksource tsc
Hul 29 09:39:09 nixsaiga kernel: ata2: SATA link down (SStatus 0 SControl 300)
Hul 29 09:39:09 nixsaiga kernel: usb 3-3: New USB device found, idVendor=1a2c, idProduct=4094, bcdDevice= 1.10
Hul 29 09:39:09 nixsaiga kernel: usb 3-3: New USB device strings: Mfr=1, Product=2, SerialNumber=0
Hul 29 09:39:09 nixsaiga kernel: usb 3-3: Product: USB Keyboard
Hul 29 09:39:09 nixsaiga kernel: usb 3-3: Manufacturer: SEMICO
Hul 29 09:39:09 nixsaiga kernel: ata5: SATA link down (SStatus 0 SControl 300)
Hul 29 09:39:09 nixsaiga kernel: ata6: SATA link up 6.0 Gbps (SStatus 133 SControl 300)
Hul 29 09:39:09 nixsaiga kernel: ata6.00: ATA-10: Ramsta SSD S800 256GB, RI19V0, max UDMA/133
Hul 29 09:39:09 nixsaiga kernel: ata6.00: 500118192 sectors, multi 1: LBA48 NCQ (depth 32), AA
Hul 29 09:39:09 nixsaiga kernel: ata6.00: configured for UDMA/133
Hul 29 09:39:09 nixsaiga kernel: scsi 5:0:0:0: Direct-Access     ATA      Ramsta SSD S800  V0   PQ: 0 ANSI: 5
Hul 29 09:39:09 nixsaiga kernel: scsi 9:0:0:0: Direct-Access     ATA      Kingmax SSD 128G 3.S  PQ: 0 ANSI: 5
Hul 29 09:39:09 nixsaiga kernel: hid: raw HID events driver (C) Jiri Kosina
Hul 29 09:39:09 nixsaiga kernel: sd 5:0:0:0: [sda] 500118192 512-byte logical blocks: (256 GB/238 GiB)
Hul 29 09:39:09 nixsaiga kernel: sd 5:0:0:0: [sda] Write Protect is off
Hul 29 09:39:09 nixsaiga kernel: sd 5:0:0:0: [sda] Mode Sense: 00 3a 00 00
Hul 29 09:39:09 nixsaiga kernel: sd 5:0:0:0: [sda] Write cache: enabled, read cache: enabled, doesn't support DPO or FUA
Hul 29 09:39:09 nixsaiga kernel: sd 9:0:0:0: [sdb] 250069680 512-byte logical blocks: (128 GB/119 GiB)
Hul 29 09:39:09 nixsaiga kernel: sd 9:0:0:0: [sdb] Write Protect is off
Hul 29 09:39:09 nixsaiga kernel: sd 9:0:0:0: [sdb] Mode Sense: 00 3a 00 00
Hul 29 09:39:09 nixsaiga kernel: sd 5:0:0:0: [sda] Preferred minimum I/O size 512 bytes
Hul 29 09:39:09 nixsaiga kernel: sd 9:0:0:0: [sdb] Write cache: enabled, read cache: enabled, doesn't support DPO or FUA
Hul 29 09:39:09 nixsaiga kernel: sd 9:0:0:0: [sdb] Preferred minimum I/O size 512 bytes
Hul 29 09:39:09 nixsaiga kernel:  sda:
Hul 29 09:39:09 nixsaiga kernel: sd 5:0:0:0: [sda] Attached SCSI disk
Hul 29 09:39:09 nixsaiga kernel:  sdb: sdb1 sdb2
Hul 29 09:39:09 nixsaiga kernel: sd 9:0:0:0: [sdb] Attached SCSI disk
Hul 29 09:39:09 nixsaiga kernel: usbcore: registered new interface driver usbhid
Hul 29 09:39:09 nixsaiga kernel: usbhid: USB HID core driver
Hul 29 09:39:09 nixsaiga kernel: input: INSTANT USB GAMING MOUSE  as /devices/pci0000:00/0000:00:08.1/0000:09:00.3/usb3/3-2/3-2:1.0/0003:30FA:1040.0001/input/input0
Hul 29 09:39:09 nixsaiga kernel: hid-generic 0003:30FA:1040.0001: input,hidraw0: USB HID v1.10 Mouse [INSTANT USB GAMING MOUSE ] on usb-0000:09:00.3-2/input0
Hul 29 09:39:09 nixsaiga kernel: input: INSTANT USB GAMING MOUSE  Keyboard as /devices/pci0000:00/0000:00:08.1/0000:09:00.3/usb3/3-2/3-2:1.1/0003:30FA:1040.0002/input/input1
Hul 29 09:39:09 nixsaiga kernel: hid-generic 0003:30FA:1040.0002: input,hiddev96,hidraw1: USB HID v1.10 Keyboard [INSTANT USB GAMING MOUSE ] on usb-0000:09:00.3-2/input1
Hul 29 09:39:09 nixsaiga kernel: input: SEMICO USB Keyboard as /devices/pci0000:00/0000:00:08.1/0000:09:00.3/usb3/3-3/3-3:1.0/0003:1A2C:4094.0003/input/input3
Hul 29 09:39:09 nixsaiga kernel: hid-generic 0003:1A2C:4094.0003: input,hidraw2: USB HID v1.10 Keyboard [SEMICO USB Keyboard] on usb-0000:09:00.3-3/input0
Hul 29 09:39:09 nixsaiga kernel: input: SEMICO USB Keyboard Consumer Control as /devices/pci0000:00/0000:00:08.1/0000:09:00.3/usb3/3-3/3-3:1.1/0003:1A2C:4094.0004/input/input4
Hul 29 09:39:09 nixsaiga kernel: input: SEMICO USB Keyboard System Control as /devices/pci0000:00/0000:00:08.1/0000:09:00.3/usb3/3-3/3-3:1.1/0003:1A2C:4094.0004/input/input5
Hul 29 09:39:09 nixsaiga kernel: hid-generic 0003:1A2C:4094.0004: input,hidraw3: USB HID v1.10 Device [SEMICO USB Keyboard] on usb-0000:09:00.3-3/input1
Hul 29 09:39:09 nixsaiga stage-1-init: [Mon Jul 29 01:39:07 UTC 2024] starting device mapper and LVM...
Hul 29 09:39:09 nixsaiga stage-1-init: [Mon Jul 29 01:39:07 UTC 2024] checking /dev/disk/by-uuid/7135956f-2e26-435b-b43e-31c476db3fee...
Hul 29 09:39:09 nixsaiga stage-1-init: [Mon Jul 29 01:39:07 UTC 2024] fsck (busybox 1.36.1)
Hul 29 09:39:09 nixsaiga stage-1-init: [Mon Jul 29 01:39:07 UTC 2024] [fsck.ext4 (1) -- /mnt-root/] fsck.ext4 -a /dev/disk/by-uuid/7135956f-2e26-435b-b43e-31c476db3fee
Hul 29 09:39:09 nixsaiga stage-1-init: [Mon Jul 29 01:39:07 UTC 2024] /dev/disk/by-uuid/7135956f-2e26-435b-b43e-31c476db3fee: clean, 1521731/7782400 files, 8990824/31126889 blocks
Hul 29 09:39:09 nixsaiga stage-1-init: [Mon Jul 29 01:39:07 UTC 2024] mounting /dev/disk/by-uuid/7135956f-2e26-435b-b43e-31c476db3fee on /...
Hul 29 09:39:09 nixsaiga kernel: EXT4-fs (sdb2): mounted filesystem 7135956f-2e26-435b-b43e-31c476db3fee r/w with ordered data mode. Quota mode: none.
Hul 29 09:39:09 nixsaiga kernel: EXT4-fs (sdb2): re-mounted 7135956f-2e26-435b-b43e-31c476db3fee r/w. Quota mode: none.
Hul 29 09:39:09 nixsaiga kernel: EXT4-fs (sdb2): re-mounted 7135956f-2e26-435b-b43e-31c476db3fee r/w. Quota mode: none.
Hul 29 09:39:09 nixsaiga unknown: booting system configuration /nix/store/9ww8m0sdwnnfr46ri4lz07zcknx9a5fv-nixos-system-nixsaiga-24.05.20240725.a1cc729
Hul 29 09:39:09 nixsaiga stage-2-init: running activation script...
Hul 29 09:39:09 nixsaiga stage-2-init: setting up /etc...
Hul 29 09:39:09 nixsaiga systemd[1]: Inserted module 'autofs4'
Hul 29 09:39:09 nixsaiga systemd[1]: systemd 255.6 running in system mode (+PAM +AUDIT -SELINUX +APPARMOR +IMA +SMACK +SECCOMP +GCRYPT -GNUTLS +OPENSSL +ACL +BLKID +CURL +ELFUTILS +FIDO2 +IDN2 -IDN +IPTC +KMOD +LIBCRYPTSETUP +LIBFDISK +PCRE2 +PWQUALITY +P11KIT +QRENCODE +TPM2 +BZIP2 +LZ4 +XZ +ZLIB +ZSTD +BPF_FRAMEWORK -XKBCOMMON +UTMP -SYSVINIT default-hierarchy=unified)
Hul 29 09:39:09 nixsaiga systemd[1]: Detected architecture x86-64.
Hul 29 09:39:09 nixsaiga systemd[1]: Hostname set to <nixsaiga>.
Hul 29 09:39:09 nixsaiga systemd[1]: bpf-lsm: LSM BPF program attached
Hul 29 09:39:09 nixsaiga systemd[1]: Queued start job for default target Graphical Interface.
Hul 29 09:39:09 nixsaiga systemd[1]: Created slice Slice /system/getty.
Hul 29 09:39:09 nixsaiga systemd[1]: Created slice Slice /system/modprobe.
Hul 29 09:39:09 nixsaiga systemd[1]: Created slice Slice /system/systemd-fsck.
Hul 29 09:39:09 nixsaiga systemd[1]: Created slice User and Session Slice.
Hul 29 09:39:09 nixsaiga systemd[1]: Started Dispatch Password Requests to Console Directory Watch.
Hul 29 09:39:09 nixsaiga systemd[1]: Started Forward Password Requests to Wall Directory Watch.
Hul 29 09:39:09 nixsaiga systemd[1]: Expecting device /dev/disk/by-uuid/B2CE-4CF9...
Hul 29 09:39:09 nixsaiga systemd[1]: Reached target Local Encrypted Volumes.
Hul 29 09:39:09 nixsaiga systemd[1]: Reached target Containers.
Hul 29 09:39:09 nixsaiga systemd[1]: Reached target Path Units.
Hul 29 09:39:09 nixsaiga systemd[1]: Reached target Remote File Systems.
Hul 29 09:39:09 nixsaiga systemd[1]: Reached target Slice Units.
Hul 29 09:39:09 nixsaiga systemd[1]: Reached target Swaps.
Hul 29 09:39:09 nixsaiga systemd[1]: Listening on Process Core Dump Socket.
Hul 29 09:39:09 nixsaiga systemd[1]: Listening on Journal Socket (/dev/log).
Hul 29 09:39:09 nixsaiga systemd[1]: Listening on Journal Socket.
Hul 29 09:39:09 nixsaiga systemd[1]: Listening on Userspace Out-Of-Memory (OOM) Killer Socket.
Hul 29 09:39:09 nixsaiga systemd[1]: Listening on udev Control Socket.
Hul 29 09:39:09 nixsaiga systemd[1]: Listening on udev Kernel Socket.
Hul 29 09:39:09 nixsaiga systemd[1]: Mounting Huge Pages File System...
Hul 29 09:39:09 nixsaiga systemd[1]: Mounting POSIX Message Queue File System...
Hul 29 09:39:09 nixsaiga systemd[1]: Mounting Kernel Debug File System...
Hul 29 09:39:09 nixsaiga systemd[1]: Starting Create List of Static Device Nodes...
Hul 29 09:39:09 nixsaiga systemd[1]: Starting Load Kernel Module configfs...
Hul 29 09:39:09 nixsaiga systemd[1]: Starting Load Kernel Module drm...
Hul 29 09:39:09 nixsaiga systemd[1]: Starting Load Kernel Module efi_pstore...
Hul 29 09:39:09 nixsaiga systemd[1]: Starting Load Kernel Module fuse...
Hul 29 09:39:09 nixsaiga systemd[1]: Starting mount-pstore.service...
Hul 29 09:39:09 nixsaiga kernel: pstore: Using crash dump compression: deflate
Hul 29 09:39:09 nixsaiga systemd[1]: Starting Create SUID/SGID Wrappers...
Hul 29 09:39:09 nixsaiga systemd[1]: File System Check on Root Device was skipped because of an unmet condition check (ConditionPathIsReadWrite=!/).
Hul 29 09:39:09 nixsaiga systemd[1]: Starting Journal Service...
Hul 29 09:39:09 nixsaiga kernel: pstore: Registered efi_pstore as persistent store backend
Hul 29 09:39:09 nixsaiga systemd[1]: Starting Load Kernel Modules...
Hul 29 09:39:09 nixsaiga systemd[1]: Starting Remount Root and Kernel File Systems...
Hul 29 09:39:09 nixsaiga kernel: fuse: init (API version 7.40)
Hul 29 09:39:09 nixsaiga systemd[1]: Starting Coldplug All udev Devices...
Hul 29 09:39:09 nixsaiga systemd[1]: Mounted Huge Pages File System.
Hul 29 09:39:09 nixsaiga systemd[1]: Mounted POSIX Message Queue File System.
Hul 29 09:39:09 nixsaiga systemd[1]: Mounted Kernel Debug File System.
Hul 29 09:39:09 nixsaiga systemd[1]: Finished Create List of Static Device Nodes.
Hul 29 09:39:09 nixsaiga systemd[1]: modprobe@configfs.service: Deactivated successfully.
Hul 29 09:39:09 nixsaiga systemd[1]: Finished Load Kernel Module configfs.
Hul 29 09:39:09 nixsaiga systemd[1]: modprobe@drm.service: Deactivated successfully.
Hul 29 09:39:09 nixsaiga systemd[1]: Finished Load Kernel Module drm.
Hul 29 09:39:09 nixsaiga systemd[1]: modprobe@efi_pstore.service: Deactivated successfully.
Hul 29 09:39:09 nixsaiga systemd-journald[417]: Collecting audit messages is disabled.
Hul 29 09:39:09 nixsaiga systemd[1]: Finished Load Kernel Module efi_pstore.
Hul 29 09:39:09 nixsaiga systemd[1]: modprobe@fuse.service: Deactivated successfully.
Hul 29 09:39:09 nixsaiga systemd[1]: Finished Load Kernel Module fuse.
Hul 29 09:39:09 nixsaiga kernel: EXT4-fs (sdb2): re-mounted 7135956f-2e26-435b-b43e-31c476db3fee r/w. Quota mode: none.
Hul 29 09:39:09 nixsaiga systemd[1]: Finished Remount Root and Kernel File Systems.
Hul 29 09:39:09 nixsaiga systemd[1]: Mounting FUSE Control File System...
Hul 29 09:39:09 nixsaiga systemd[1]: Mounting Kernel Configuration File System...
Hul 29 09:39:09 nixsaiga systemd[1]: Starting Load/Save OS Random Seed...
Hul 29 09:39:09 nixsaiga systemd[1]: Starting Create Static Device Nodes in /dev gracefully...
Hul 29 09:39:09 nixsaiga systemd[1]: Finished mount-pstore.service.
Hul 29 09:39:09 nixsaiga systemd[1]: Mounted FUSE Control File System.
Hul 29 09:39:09 nixsaiga systemd[1]: Mounted Kernel Configuration File System.
Hul 29 09:39:09 nixsaiga systemd[1]: Finished Load/Save OS Random Seed.
Hul 29 09:39:09 nixsaiga systemd[1]: Platform Persistent Storage Archival was skipped because of an unmet condition check (ConditionDirectoryNotEmpty=/sys/fs/pstore).
Hul 29 09:39:09 nixsaiga systemd-journald[417]: Journal started
Hul 29 09:39:09 nixsaiga systemd-journald[417]: Runtime Journal (/run/log/journal/1445156b8cc046578d51838468374265) is 8.0M, max 146.4M, 138.4M free.
Hul 29 09:39:09 nixsaiga systemd[1]: Started Journal Service.
Hul 29 09:39:09 nixsaiga systemd[1]: Starting Flush Journal to Persistent Storage...
Hul 29 09:39:09 nixsaiga systemd[1]: Finished Create Static Device Nodes in /dev gracefully.
Hul 29 09:39:09 nixsaiga kernel: ccp 0000:09:00.2: ccp enabled
Hul 29 09:39:09 nixsaiga kernel: ccp 0000:09:00.2: tee enabled
Hul 29 09:39:09 nixsaiga kernel: ccp 0000:09:00.2: psp enabled
Hul 29 09:39:09 nixsaiga systemd-journald[417]: Time spent on flushing to /var/log/journal/1445156b8cc046578d51838468374265 is 154.209ms for 926 entries.
Hul 29 09:39:09 nixsaiga systemd-journald[417]: System Journal (/var/log/journal/1445156b8cc046578d51838468374265) is 578.1M, max 4.0G, 3.4G free.
Hul 29 09:39:09 nixsaiga systemd-journald[417]: Received client request to flush runtime journal.
Hul 29 09:39:09 nixsaiga kernel: kvm_amd: SVM not supported by CPU 1
Hul 29 09:39:09 nixsaiga systemd-journald[417]: /var/log/journal/1445156b8cc046578d51838468374265/system.journal: Journal file uses a different sequence number ID, rotating.
Hul 29 09:39:09 nixsaiga systemd-journald[417]: Rotating system journal.
Hul 29 09:39:09 nixsaiga kernel: ACPI: video: Video Device [VGA1] (multi-head: yes  rom: no  post: no)
Hul 29 09:39:09 nixsaiga kernel: input: Video Bus as /devices/LNXSYSTM:00/LNXSYBUS:00/PNP0A08:00/device:0f/LNXVIDEO:01/input/input6
Hul 29 09:39:09 nixsaiga systemd[1]: Starting Create Static Device Nodes in /dev...
Hul 29 09:39:09 nixsaiga systemd[1]: Finished Coldplug All udev Devices.
Hul 29 09:39:09 nixsaiga systemd[1]: Finished Create Static Device Nodes in /dev.
Hul 29 09:39:09 nixsaiga systemd[1]: Reached target Preparation for Local File Systems.
Hul 29 09:39:09 nixsaiga systemd-modules-load[418]: Failed to insert module 'kvm_amd': Operation not supported
Hul 29 09:39:09 nixsaiga systemd[1]: Starting Rule-based Manager for Device Events and Files...
Hul 29 09:39:09 nixsaiga systemd[1]: suid-sgid-wrappers.service: Deactivated successfully.
Hul 29 09:39:09 nixsaiga systemd[1]: Finished Create SUID/SGID Wrappers.
Hul 29 09:39:09 nixsaiga systemd-udevd[523]: Using default interface naming scheme 'v255'.
Hul 29 09:39:09 nixsaiga systemd[1]: Started Rule-based Manager for Device Events and Files.
Hul 29 09:39:09 nixsaiga systemd[1]: Finished Flush Journal to Persistent Storage.
Hul 29 09:39:09 nixsaiga kernel: input: Power Button as /devices/LNXSYSTM:00/LNXSYBUS:00/PNP0C0C:00/input/input7
Hul 29 09:39:09 nixsaiga kernel: ACPI: button: Power Button [PWRB]
Hul 29 09:39:09 nixsaiga kernel: input: Power Button as /devices/LNXSYSTM:00/LNXPWRBN:00/input/input8
Hul 29 09:39:09 nixsaiga kernel: ACPI: button: Power Button [PWRF]
Hul 29 09:39:09 nixsaiga kernel: ACPI Warning: SystemIO range 0x0000000000000B00-0x0000000000000B08 conflicts with OpRegion 0x0000000000000B00-0x0000000000000B0F (\GSA1.SMBI) (20230628/utaddress-204)
Hul 29 09:39:09 nixsaiga kernel: ACPI: OSL: Resource conflict; ACPI support missing from driver?
Hul 29 09:39:09 nixsaiga kernel: sp5100_tco: SP5100/SB800 TCO WatchDog Timer Driver
Hul 29 09:39:09 nixsaiga kernel: sp5100-tco sp5100-tco: Using 0xfeb00000 for watchdog MMIO address
Hul 29 09:39:09 nixsaiga kernel: sp5100-tco sp5100-tco: initialized. heartbeat=60 sec (nowayout=0)
Hul 29 09:39:09 nixsaiga mtp-probe[564]: checking bus 3, device 2: "/sys/devices/pci0000:00/0000:00:08.1/0000:09:00.3/usb3/3-2"
Hul 29 09:39:09 nixsaiga mtp-probe[565]: checking bus 3, device 3: "/sys/devices/pci0000:00/0000:00:08.1/0000:09:00.3/usb3/3-3"
Hul 29 09:39:09 nixsaiga mtp-probe[565]: bus: 3, device: 3 was not an MTP device
Hul 29 09:39:09 nixsaiga mtp-probe[564]: bus: 3, device: 2 was not an MTP device
Hul 29 09:39:09 nixsaiga systemd[1]: Found device Kingmax_SSD_128GB EFI.
Hul 29 09:39:09 nixsaiga kernel: mousedev: PS/2 mouse device common for all mice
Hul 29 09:39:09 nixsaiga systemd[1]: Starting File System Check on /dev/disk/by-uuid/B2CE-4CF9...
Hul 29 09:39:09 nixsaiga kernel: tpm_crb MSFT0101:00: Disabling hwrng
Hul 29 09:39:09 nixsaiga systemd-fsck[574]: fsck.fat 4.2 (2021-01-31)
Hul 29 09:39:09 nixsaiga systemd-fsck[574]: /dev/sdb1: 40 files, 28030/130811 clusters
Hul 29 09:39:09 nixsaiga systemd[1]: Finished File System Check on /dev/disk/by-uuid/B2CE-4CF9.
Hul 29 09:39:09 nixsaiga kernel: acpi_cpufreq: overriding BIOS provided _PSD data
Hul 29 09:39:09 nixsaiga systemd[1]: Mounting /boot...
Hul 29 09:39:09 nixsaiga kernel: RAPL PMU: API unit is 2^-32 Joules, 1 fixed counters, 163840 ms ovfl timer
Hul 29 09:39:09 nixsaiga kernel: RAPL PMU: hw unit of domain package 2^-16 Joules
Hul 29 09:39:09 nixsaiga kernel: cryptd: max_cpu_qlen set to 1000
Hul 29 09:39:09 nixsaiga systemd[1]: Mounted /boot.
Hul 29 09:39:09 nixsaiga systemd[1]: Reached target Local File Systems.
Hul 29 09:39:09 nixsaiga systemd[1]: Starting Update Boot Loader Random Seed...
Hul 29 09:39:09 nixsaiga systemd[1]: Starting Create Volatile Files and Directories...
Hul 29 09:39:09 nixsaiga systemd[1]: Starting Virtual Console Setup...
Hul 29 09:39:09 nixsaiga systemd[1]: systemd-vconsole-setup.service: Deactivated successfully.
Hul 29 09:39:09 nixsaiga systemd[1]: Stopped Virtual Console Setup.
Hul 29 09:39:09 nixsaiga systemd[1]: Starting Virtual Console Setup...
Hul 29 09:39:09 nixsaiga kernel: AVX2 version of gcm_enc/dec engaged.
Hul 29 09:39:09 nixsaiga kernel: AES CTR mode by8 optimization enabled
Hul 29 09:39:09 nixsaiga kernel: r8169 0000:08:00.0 eth0: RTL8168g/8111g, d8:5e:d3:90:93:d4, XID 4c0, IRQ 62
Hul 29 09:39:09 nixsaiga kernel: r8169 0000:08:00.0 eth0: jumbo features [frames: 9194 bytes, tx checksumming: ko]
Hul 29 09:39:09 nixsaiga bootctl[586]: ! Mount point '/boot' which backs the random seed file is world accessible, which is a security hole! !
Hul 29 09:39:09 nixsaiga bootctl[586]: ! Random seed file '/boot/loader/random-seed' is world accessible, which is a security hole! !
Hul 29 09:39:09 nixsaiga bootctl[586]: Random seed file /boot/loader/random-seed successfully refreshed (32 bytes).
Hul 29 09:39:09 nixsaiga systemd[1]: Finished Update Boot Loader Random Seed.
Hul 29 09:39:09 nixsaiga systemd[1]: Finished Create Volatile Files and Directories.
Hul 29 09:39:09 nixsaiga systemd[1]: Rebuild Journal Catalog was skipped because of an unmet condition check (ConditionNeedsUpdate=/var).
Hul 29 09:39:09 nixsaiga systemd[1]: Starting Userspace Out-Of-Memory (OOM) Killer...
Hul 29 09:39:09 nixsaiga systemd[1]: Starting Network Time Synchronization...
Hul 29 09:39:09 nixsaiga systemd[1]: Update is Completed was skipped because no trigger condition checks were met.
Hul 29 09:39:09 nixsaiga systemd[1]: Starting Record System Boot/Shutdown in UTMP...
Hul 29 09:39:10 nixsaiga systemd[1]: Finished Virtual Console Setup.
Hul 29 09:39:10 nixsaiga systemd[1]: Finished Record System Boot/Shutdown in UTMP.
Hul 29 09:39:10 nixsaiga kernel: r8169 0000:08:00.0 enp8s0: renamed from eth0
Hul 29 09:39:10 nixsaiga systemd-oomd[601]: No swap; memory pressure usage will be degraded
Hul 29 09:39:10 nixsaiga systemd[1]: Started Userspace Out-Of-Memory (OOM) Killer.
Hul 29 09:39:10 nixsaiga systemd-timesyncd[613]: Disabling NSCD because DNSSEC validation is turned off
Hul 29 09:39:10 nixsaiga systemd[1]: Started Network Time Synchronization.
Hul 29 09:39:11 nixsaiga kernel: ACPI: \_TZ_.TZ10: _PSL evaluation failure
Hul 29 09:39:11 nixsaiga kernel: thermal LNXTHERM:00: registered as thermal_zone0
Hul 29 09:39:11 nixsaiga kernel: ACPI: thermal: Thermal Zone [TZ10] (17 C)
Hul 29 09:39:12 nixsaiga kernel: [drm] amdgpu kernel modesetting enabled.
Hul 29 09:39:12 nixsaiga kernel: AMD Address Translation Library initialized
Hul 29 09:39:12 nixsaiga kernel: snd_hda_intel 0000:09:00.1: Handle vga_switcheroo audio client
Hul 29 09:39:12 nixsaiga kernel: EDAC MC: Ver: 3.0.0
Hul 29 09:39:12 nixsaiga kernel: amdgpu: Virtual CRAT table created for CPU
Hul 29 09:39:12 nixsaiga kernel: amdgpu: Topology: Add CPU node
Hul 29 09:39:12 nixsaiga kernel: [drm] initializing kernel modesetting (RAVEN 0x1002:0x15DD 0x1458:0xD000 0xCF).
Hul 29 09:39:12 nixsaiga kernel: [drm] register mmio base: 0xFCC00000
Hul 29 09:39:12 nixsaiga kernel: [drm] register mmio size: 524288
Hul 29 09:39:12 nixsaiga kernel: [drm] add ip block number 0 <soc15_common>
Hul 29 09:39:12 nixsaiga kernel: [drm] add ip block number 1 <gmc_v9_0>
Hul 29 09:39:12 nixsaiga kernel: [drm] add ip block number 2 <vega10_ih>
Hul 29 09:39:12 nixsaiga kernel: [drm] add ip block number 3 <psp>
Hul 29 09:39:12 nixsaiga kernel: [drm] add ip block number 4 <powerplay>
Hul 29 09:39:12 nixsaiga kernel: [drm] add ip block number 5 <dm>
Hul 29 09:39:12 nixsaiga kernel: [drm] add ip block number 6 <gfx_v9_0>
Hul 29 09:39:12 nixsaiga kernel: [drm] add ip block number 7 <sdma_v4_0>
Hul 29 09:39:12 nixsaiga kernel: [drm] add ip block number 8 <vcn_v1_0>
Hul 29 09:39:12 nixsaiga kernel: input: HD-Audio Generic HDMI/DP,pcm=3 as /devices/pci0000:00/0000:00:08.1/0000:09:00.1/sound/card0/input9
Hul 29 09:39:12 nixsaiga kernel: input: HD-Audio Generic HDMI/DP,pcm=7 as /devices/pci0000:00/0000:00:08.1/0000:09:00.1/sound/card0/input10
Hul 29 09:39:12 nixsaiga kernel: input: HD-Audio Generic HDMI/DP,pcm=8 as /devices/pci0000:00/0000:00:08.1/0000:09:00.1/sound/card0/input11
Hul 29 09:39:12 nixsaiga kernel: MCE: In-kernel MCE decoding enabled.
Hul 29 09:39:12 nixsaiga kernel: intel_rapl_common: Found RAPL domain package
Hul 29 09:39:12 nixsaiga kernel: intel_rapl_common: Found RAPL domain core
Hul 29 09:39:12 nixsaiga kernel: [drm] BIOS signature incorrect 0 0
Hul 29 09:39:12 nixsaiga kernel: amdgpu 0000:09:00.0: amdgpu: Fetched VBIOS from ROM BAR
Hul 29 09:39:12 nixsaiga kernel: amdgpu: ATOM BIOS: 113-RAVEN-114
Hul 29 09:39:12 nixsaiga kernel: [drm] VCN decode is enabled in VM mode
Hul 29 09:39:12 nixsaiga kernel: [drm] VCN encode is enabled in VM mode
Hul 29 09:39:12 nixsaiga kernel: [drm] JPEG decode is enabled in VM mode
Hul 29 09:39:12 nixsaiga kernel: snd_hda_codec_realtek hdaudioC1D0: autoconfig for ALC887-VD: line_outs=1 (0x14/0x0/0x0/0x0/0x0) type:line
Hul 29 09:39:12 nixsaiga kernel: snd_hda_codec_realtek hdaudioC1D0:    speaker_outs=0 (0x0/0x0/0x0/0x0/0x0)
Hul 29 09:39:12 nixsaiga kernel: snd_hda_codec_realtek hdaudioC1D0:    hp_outs=1 (0x1b/0x0/0x0/0x0/0x0)
Hul 29 09:39:12 nixsaiga kernel: snd_hda_codec_realtek hdaudioC1D0:    mono: mono_out=0x0
Hul 29 09:39:12 nixsaiga kernel: snd_hda_codec_realtek hdaudioC1D0:    dig-out=0x11/0x0
Hul 29 09:39:12 nixsaiga kernel: snd_hda_codec_realtek hdaudioC1D0:    inputs:
Hul 29 09:39:12 nixsaiga kernel: snd_hda_codec_realtek hdaudioC1D0:      Front Mic=0x19
Hul 29 09:39:12 nixsaiga kernel: snd_hda_codec_realtek hdaudioC1D0:      Rear Mic=0x18
Hul 29 09:39:12 nixsaiga kernel: snd_hda_codec_realtek hdaudioC1D0:      Line=0x1a
Hul 29 09:39:12 nixsaiga kernel: Console: switching to colour dummy device 80x25
Hul 29 09:39:12 nixsaiga kernel: amdgpu 0000:09:00.0: vgaarb: deactivate vga console
Hul 29 09:39:12 nixsaiga kernel: amdgpu 0000:09:00.0: amdgpu: Trusted Memory Zone (TMZ) feature enabled
Hul 29 09:39:12 nixsaiga kernel: [drm] vm size is 262144 GB, 4 levels, block size is 9-bit, fragment size is 9-bit
Hul 29 09:39:12 nixsaiga kernel: amdgpu 0000:09:00.0: amdgpu: VRAM: 2048M 0x000000F400000000 - 0x000000F47FFFFFFF (2048M used)
Hul 29 09:39:12 nixsaiga kernel: amdgpu 0000:09:00.0: amdgpu: GART: 1024M 0x0000000000000000 - 0x000000003FFFFFFF
Hul 29 09:39:12 nixsaiga kernel: [drm] Detected VRAM RAM=2048M, BAR=2048M
Hul 29 09:39:12 nixsaiga kernel: [drm] RAM width 64bits DDR4
Hul 29 09:39:12 nixsaiga kernel: [drm] amdgpu: 2048M of VRAM memory ready
Hul 29 09:39:12 nixsaiga kernel: [drm] amdgpu: 2928M of GTT memory ready.
Hul 29 09:39:12 nixsaiga kernel: [drm] GART: num cpu pages 262144, num gpu pages 262144
Hul 29 09:39:12 nixsaiga kernel: [drm] PCIE GART of 1024M enabled.
Hul 29 09:39:12 nixsaiga kernel: [drm] PTB located at 0x000000F400A00000
Hul 29 09:39:12 nixsaiga kernel: amdgpu: hwmgr_sw_init smu backed is smu10_smu
Hul 29 09:39:12 nixsaiga kernel: [drm] Found VCN firmware Version ENC: 1.15 DEC: 3 VEP: 0 Revision: 0
Hul 29 09:39:12 nixsaiga kernel: amdgpu 0000:09:00.0: amdgpu: Will use PSP to load VCN firmware
Hul 29 09:39:12 nixsaiga kernel: input: HD-Audio Generic Front Mic as /devices/pci0000:00/0000:00:08.1/0000:09:00.6/sound/card1/input12
Hul 29 09:39:12 nixsaiga kernel: input: HD-Audio Generic Rear Mic as /devices/pci0000:00/0000:00:08.1/0000:09:00.6/sound/card1/input13
Hul 29 09:39:12 nixsaiga kernel: input: HD-Audio Generic Line as /devices/pci0000:00/0000:00:08.1/0000:09:00.6/sound/card1/input14
Hul 29 09:39:12 nixsaiga kernel: input: HD-Audio Generic Line Out as /devices/pci0000:00/0000:00:08.1/0000:09:00.6/sound/card1/input15
Hul 29 09:39:12 nixsaiga kernel: input: HD-Audio Generic Front Headphone as /devices/pci0000:00/0000:00:08.1/0000:09:00.6/sound/card1/input16
Hul 29 09:39:12 nixsaiga kernel: amdgpu 0000:09:00.0: amdgpu: reserve 0x400000 from 0xf47fc00000 for PSP TMR
Hul 29 09:39:12 nixsaiga kernel: amdgpu 0000:09:00.0: amdgpu: RAS: optional ras ta ucode is not available
Hul 29 09:39:12 nixsaiga kernel: amdgpu 0000:09:00.0: amdgpu: RAP: optional rap ta ucode is not available
Hul 29 09:39:12 nixsaiga kernel: amdgpu 0000:09:00.0: amdgpu: SECUREDISPLAY: securedisplay ta ucode is not available
Hul 29 09:39:12 nixsaiga kernel: [drm] DM_PPLIB: values for F clock
Hul 29 09:39:12 nixsaiga kernel: [drm] DM_PPLIB:         400000 in kHz, 3649 in mV
Hul 29 09:39:12 nixsaiga kernel: [drm] DM_PPLIB:         933000 in kHz, 3974 in mV
Hul 29 09:39:12 nixsaiga kernel: [drm] DM_PPLIB:         1200000 in kHz, 4325 in mV
Hul 29 09:39:12 nixsaiga kernel: [drm] DM_PPLIB:         1333000 in kHz, 4399 in mV
Hul 29 09:39:12 nixsaiga kernel: [drm] DM_PPLIB: values for DCF clock
Hul 29 09:39:12 nixsaiga kernel: [drm] DM_PPLIB:         300000 in kHz, 3649 in mV
Hul 29 09:39:12 nixsaiga kernel: [drm] DM_PPLIB:         600000 in kHz, 3974 in mV
Hul 29 09:39:12 nixsaiga kernel: [drm] DM_PPLIB:         626000 in kHz, 4174 in mV
Hul 29 09:39:12 nixsaiga kernel: [drm] DM_PPLIB:         654000 in kHz, 4325 in mV
Hul 29 09:39:12 nixsaiga kernel: [drm] Display Core v3.2.273 initialized on DCN 1.0
Hul 29 09:39:12 nixsaiga kernel: snd_hda_intel 0000:09:00.1: bound 0000:09:00.0 (ops amdgpu_dm_audio_component_bind_ops [amdgpu])
Hul 29 09:39:12 nixsaiga kernel: [drm] kiq ring mec 2 pipe 1 q 0
Hul 29 09:39:12 nixsaiga kernel: [drm] VCN decode and encode initialized successfully(under SPG Mode).
Hul 29 09:39:12 nixsaiga kernel: amdgpu: HMM registered 2048MB device memory
Hul 29 09:39:12 nixsaiga kernel: kfd kfd: amdgpu: Allocated 3969056 bytes on gart
Hul 29 09:39:12 nixsaiga kernel: kfd kfd: amdgpu: Total number of KFD nodes to be created: 1
Hul 29 09:39:12 nixsaiga kernel: amdgpu: Virtual CRAT table created for GPU
Hul 29 09:39:12 nixsaiga kernel: amdgpu: Topology: Add dGPU node [0x15dd:0x1002]
Hul 29 09:39:12 nixsaiga kernel: kfd kfd: amdgpu: added device 1002:15dd
Hul 29 09:39:12 nixsaiga kernel: amdgpu 0000:09:00.0: amdgpu: SE 1, SH per SE 1, CU per SH 11, active_cu_number 3
Hul 29 09:39:12 nixsaiga kernel: amdgpu 0000:09:00.0: amdgpu: ring gfx uses VM inv eng 0 on hub 0
Hul 29 09:39:12 nixsaiga kernel: amdgpu 0000:09:00.0: amdgpu: ring comp_1.0.0 uses VM inv eng 1 on hub 0
Hul 29 09:39:12 nixsaiga kernel: amdgpu 0000:09:00.0: amdgpu: ring comp_1.1.0 uses VM inv eng 4 on hub 0
Hul 29 09:39:12 nixsaiga kernel: amdgpu 0000:09:00.0: amdgpu: ring comp_1.2.0 uses VM inv eng 5 on hub 0
Hul 29 09:39:12 nixsaiga kernel: amdgpu 0000:09:00.0: amdgpu: ring comp_1.3.0 uses VM inv eng 6 on hub 0
Hul 29 09:39:12 nixsaiga kernel: amdgpu 0000:09:00.0: amdgpu: ring comp_1.0.1 uses VM inv eng 7 on hub 0
Hul 29 09:39:12 nixsaiga kernel: amdgpu 0000:09:00.0: amdgpu: ring comp_1.1.1 uses VM inv eng 8 on hub 0
Hul 29 09:39:12 nixsaiga kernel: amdgpu 0000:09:00.0: amdgpu: ring comp_1.2.1 uses VM inv eng 9 on hub 0
Hul 29 09:39:12 nixsaiga kernel: amdgpu 0000:09:00.0: amdgpu: ring comp_1.3.1 uses VM inv eng 10 on hub 0
Hul 29 09:39:12 nixsaiga kernel: amdgpu 0000:09:00.0: amdgpu: ring kiq_0.2.1.0 uses VM inv eng 11 on hub 0
Hul 29 09:39:12 nixsaiga kernel: amdgpu 0000:09:00.0: amdgpu: ring sdma0 uses VM inv eng 0 on hub 8
Hul 29 09:39:12 nixsaiga kernel: amdgpu 0000:09:00.0: amdgpu: ring vcn_dec uses VM inv eng 1 on hub 8
Hul 29 09:39:13 nixsaiga kernel: amdgpu 0000:09:00.0: amdgpu: ring vcn_enc0 uses VM inv eng 4 on hub 8
Hul 29 09:39:13 nixsaiga kernel: amdgpu 0000:09:00.0: amdgpu: ring vcn_enc1 uses VM inv eng 5 on hub 8
Hul 29 09:39:13 nixsaiga kernel: amdgpu 0000:09:00.0: amdgpu: ring jpeg_dec uses VM inv eng 6 on hub 8
Hul 29 09:39:13 nixsaiga kernel: amdgpu: pp_dpm_get_sclk_od was not implemented.
Hul 29 09:39:13 nixsaiga kernel: amdgpu: pp_dpm_get_mclk_od was not implemented.
Hul 29 09:39:13 nixsaiga kernel: [drm] Initialized amdgpu 3.57.0 20150101 for 0000:09:00.0 on minor 1
Hul 29 09:39:13 nixsaiga kernel: fbcon: amdgpudrmfb (fb0) is primary device
Hul 29 09:39:13 nixsaiga kernel: Console: switching to colour frame buffer device 180x56
Hul 29 09:39:13 nixsaiga kernel: amdgpu 0000:09:00.0: [drm] fb0: amdgpudrmfb frame buffer device
Hul 29 09:39:12 nixsaiga systemd[1]: Reached target Sound Card.
Hul 29 09:39:12 nixsaiga systemd-modules-load[418]: Inserted module 'amdgpu'
Hul 29 09:39:13 nixsaiga kernel: bridge: filtering via arp/ip/ip6tables is no longer available by default. Update your scripts to load br_netfilter if you need this.
Hul 29 09:39:13 nixsaiga systemd-modules-load[418]: Inserted module 'bridge'
Hul 29 09:39:13 nixsaiga systemd-modules-load[418]: Inserted module 'macvlan'
Hul 29 09:39:13 nixsaiga systemd-modules-load[418]: Inserted module 'tap'
Hul 29 09:39:13 nixsaiga kernel: tun: Universal TUN/TAP device driver, 1.6
Hul 29 09:39:13 nixsaiga systemd-modules-load[418]: Inserted module 'tun'
